Archive member included to satisfy reference by file (symbol)

c:/program files (x86)/atmel/studio/7.0/toolchain/arm/arm-gnu-toolchain/bin/../lib/gcc/arm-none-eabi/6.3.1/../../../../arm-none-eabi/lib/thumb/v6-m\libc.a(lib_a-exit.o)
                              c:/program files (x86)/atmel/studio/7.0/toolchain/arm/arm-gnu-toolchain/bin/../lib/gcc/arm-none-eabi/6.3.1/../../../../arm-none-eabi/lib/thumb/v6-m/crt0.o (exit)
c:/program files (x86)/atmel/studio/7.0/toolchain/arm/arm-gnu-toolchain/bin/../lib/gcc/arm-none-eabi/6.3.1/../../../../arm-none-eabi/lib/thumb/v6-m\libc.a(lib_a-impure.o)
                              c:/program files (x86)/atmel/studio/7.0/toolchain/arm/arm-gnu-toolchain/bin/../lib/gcc/arm-none-eabi/6.3.1/../../../../arm-none-eabi/lib/thumb/v6-m\libc.a(lib_a-exit.o) (_global_impure_ptr)
c:/program files (x86)/atmel/studio/7.0/toolchain/arm/arm-gnu-toolchain/bin/../lib/gcc/arm-none-eabi/6.3.1/../../../../arm-none-eabi/lib/thumb/v6-m\libc.a(lib_a-init.o)
                              c:/program files (x86)/atmel/studio/7.0/toolchain/arm/arm-gnu-toolchain/bin/../lib/gcc/arm-none-eabi/6.3.1/../../../../arm-none-eabi/lib/thumb/v6-m/crt0.o (__libc_init_array)
c:/program files (x86)/atmel/studio/7.0/toolchain/arm/arm-gnu-toolchain/bin/../lib/gcc/arm-none-eabi/6.3.1/../../../../arm-none-eabi/lib/thumb/v6-m\libc.a(lib_a-memset.o)
                              c:/program files (x86)/atmel/studio/7.0/toolchain/arm/arm-gnu-toolchain/bin/../lib/gcc/arm-none-eabi/6.3.1/../../../../arm-none-eabi/lib/thumb/v6-m/crt0.o (memset)
c:/program files (x86)/atmel/studio/7.0/toolchain/arm/arm-gnu-toolchain/bin/../lib/gcc/arm-none-eabi/6.3.1/../../../../arm-none-eabi/lib/thumb/v6-m\libc.a(lib_a-__call_atexit.o)
                              c:/program files (x86)/atmel/studio/7.0/toolchain/arm/arm-gnu-toolchain/bin/../lib/gcc/arm-none-eabi/6.3.1/../../../../arm-none-eabi/lib/thumb/v6-m\libc.a(lib_a-exit.o) (__call_exitprocs)
c:/program files (x86)/atmel/studio/7.0/toolchain/arm/arm-gnu-toolchain/bin/../lib/gcc/arm-none-eabi/6.3.1/../../../../arm-none-eabi/lib/thumb/v6-m\libc.a(lib_a-atexit.o)
                              c:/program files (x86)/atmel/studio/7.0/toolchain/arm/arm-gnu-toolchain/bin/../lib/gcc/arm-none-eabi/6.3.1/../../../../arm-none-eabi/lib/thumb/v6-m\libc.a(lib_a-__call_atexit.o) (atexit)
c:/program files (x86)/atmel/studio/7.0/toolchain/arm/arm-gnu-toolchain/bin/../lib/gcc/arm-none-eabi/6.3.1/../../../../arm-none-eabi/lib/thumb/v6-m\libc.a(lib_a-fini.o)
                              c:/program files (x86)/atmel/studio/7.0/toolchain/arm/arm-gnu-toolchain/bin/../lib/gcc/arm-none-eabi/6.3.1/../../../../arm-none-eabi/lib/thumb/v6-m\libc.a(lib_a-__call_atexit.o) (__libc_fini_array)
c:/program files (x86)/atmel/studio/7.0/toolchain/arm/arm-gnu-toolchain/bin/../lib/gcc/arm-none-eabi/6.3.1/../../../../arm-none-eabi/lib/thumb/v6-m\libc.a(lib_a-lock.o)
                              c:/program files (x86)/atmel/studio/7.0/toolchain/arm/arm-gnu-toolchain/bin/../lib/gcc/arm-none-eabi/6.3.1/../../../../arm-none-eabi/lib/thumb/v6-m\libc.a(lib_a-__call_atexit.o) (__retarget_lock_acquire_recursive)
c:/program files (x86)/atmel/studio/7.0/toolchain/arm/arm-gnu-toolchain/bin/../lib/gcc/arm-none-eabi/6.3.1/../../../../arm-none-eabi/lib/thumb/v6-m\libc.a(lib_a-__atexit.o)
                              c:/program files (x86)/atmel/studio/7.0/toolchain/arm/arm-gnu-toolchain/bin/../lib/gcc/arm-none-eabi/6.3.1/../../../../arm-none-eabi/lib/thumb/v6-m\libc.a(lib_a-atexit.o) (__register_exitproc)

Allocating common symbols
Common symbol       size              file

__lock___atexit_recursive_mutex
                    0x1               c:/program files (x86)/atmel/studio/7.0/toolchain/arm/arm-gnu-toolchain/bin/../lib/gcc/arm-none-eabi/6.3.1/../../../../arm-none-eabi/lib/thumb/v6-m\libc.a(lib_a-lock.o)
EE_Write_data       0x1               main.o
__lock___arc4random_mutex
                    0x1               c:/program files (x86)/atmel/studio/7.0/toolchain/arm/arm-gnu-toolchain/bin/../lib/gcc/arm-none-eabi/6.3.1/../../../../arm-none-eabi/lib/thumb/v6-m\libc.a(lib_a-lock.o)
__lock___env_recursive_mutex
                    0x1               c:/program files (x86)/atmel/studio/7.0/toolchain/arm/arm-gnu-toolchain/bin/../lib/gcc/arm-none-eabi/6.3.1/../../../../arm-none-eabi/lib/thumb/v6-m\libc.a(lib_a-lock.o)
__lock___sinit_recursive_mutex
                    0x1               c:/program files (x86)/atmel/studio/7.0/toolchain/arm/arm-gnu-toolchain/bin/../lib/gcc/arm-none-eabi/6.3.1/../../../../arm-none-eabi/lib/thumb/v6-m\libc.a(lib_a-lock.o)
__lock___malloc_recursive_mutex
                    0x1               c:/program files (x86)/atmel/studio/7.0/toolchain/arm/arm-gnu-toolchain/bin/../lib/gcc/arm-none-eabi/6.3.1/../../../../arm-none-eabi/lib/thumb/v6-m\libc.a(lib_a-lock.o)
__lock___at_quick_exit_mutex
                    0x1               c:/program files (x86)/atmel/studio/7.0/toolchain/arm/arm-gnu-toolchain/bin/../lib/gcc/arm-none-eabi/6.3.1/../../../../arm-none-eabi/lib/thumb/v6-m\libc.a(lib_a-lock.o)
EE_Read_data        0x1               main.o
__lock___dd_hash_mutex
                    0x1               c:/program files (x86)/atmel/studio/7.0/toolchain/arm/arm-gnu-toolchain/bin/../lib/gcc/arm-none-eabi/6.3.1/../../../../arm-none-eabi/lib/thumb/v6-m\libc.a(lib_a-lock.o)
__lock___tz_mutex   0x1               c:/program files (x86)/atmel/studio/7.0/toolchain/arm/arm-gnu-toolchain/bin/../lib/gcc/arm-none-eabi/6.3.1/../../../../arm-none-eabi/lib/thumb/v6-m\libc.a(lib_a-lock.o)
__lock___sfp_recursive_mutex
                    0x1               c:/program files (x86)/atmel/studio/7.0/toolchain/arm/arm-gnu-toolchain/bin/../lib/gcc/arm-none-eabi/6.3.1/../../../../arm-none-eabi/lib/thumb/v6-m\libc.a(lib_a-lock.o)

Discarded input sections

 .text          0x00000000        0x0 c:/program files (x86)/atmel/studio/7.0/toolchain/arm/arm-gnu-toolchain/bin/../lib/gcc/arm-none-eabi/6.3.1/thumb/v6-m/crti.o
 .data          0x00000000        0x0 c:/program files (x86)/atmel/studio/7.0/toolchain/arm/arm-gnu-toolchain/bin/../lib/gcc/arm-none-eabi/6.3.1/thumb/v6-m/crti.o
 .bss           0x00000000        0x0 c:/program files (x86)/atmel/studio/7.0/toolchain/arm/arm-gnu-toolchain/bin/../lib/gcc/arm-none-eabi/6.3.1/thumb/v6-m/crti.o
 .data          0x00000000        0x4 c:/program files (x86)/atmel/studio/7.0/toolchain/arm/arm-gnu-toolchain/bin/../lib/gcc/arm-none-eabi/6.3.1/thumb/v6-m/crtbegin.o
 .text          0x00000000       0x78 c:/program files (x86)/atmel/studio/7.0/toolchain/arm/arm-gnu-toolchain/bin/../lib/gcc/arm-none-eabi/6.3.1/../../../../arm-none-eabi/lib/thumb/v6-m/crt0.o
 .data          0x00000000        0x0 c:/program files (x86)/atmel/studio/7.0/toolchain/arm/arm-gnu-toolchain/bin/../lib/gcc/arm-none-eabi/6.3.1/../../../../arm-none-eabi/lib/thumb/v6-m/crt0.o
 .bss           0x00000000        0x0 c:/program files (x86)/atmel/studio/7.0/toolchain/arm/arm-gnu-toolchain/bin/../lib/gcc/arm-none-eabi/6.3.1/../../../../arm-none-eabi/lib/thumb/v6-m/crt0.o
 .ARM.extab     0x00000000        0x0 c:/program files (x86)/atmel/studio/7.0/toolchain/arm/arm-gnu-toolchain/bin/../lib/gcc/arm-none-eabi/6.3.1/../../../../arm-none-eabi/lib/thumb/v6-m/crt0.o
 .ARM.exidx     0x00000000        0x8 c:/program files (x86)/atmel/studio/7.0/toolchain/arm/arm-gnu-toolchain/bin/../lib/gcc/arm-none-eabi/6.3.1/../../../../arm-none-eabi/lib/thumb/v6-m/crt0.o
 .ARM.attributes
                0x00000000       0x1b c:/program files (x86)/atmel/studio/7.0/toolchain/arm/arm-gnu-toolchain/bin/../lib/gcc/arm-none-eabi/6.3.1/../../../../arm-none-eabi/lib/thumb/v6-m/crt0.o
 .group         0x00000000        0x8 Device_Startup/startup_samd21.o
 .group         0x00000000        0x8 Device_Startup/startup_samd21.o
 .group         0x00000000        0x8 Device_Startup/startup_samd21.o
 .group         0x00000000        0x8 Device_Startup/startup_samd21.o
 .group         0x00000000        0x8 Device_Startup/startup_samd21.o
 .group         0x00000000        0x8 Device_Startup/startup_samd21.o
 .group         0x00000000        0x8 Device_Startup/startup_samd21.o
 .group         0x00000000        0x8 Device_Startup/startup_samd21.o
 .group         0x00000000        0x8 Device_Startup/startup_samd21.o
 .group         0x00000000        0x8 Device_Startup/startup_samd21.o
 .group         0x00000000        0x8 Device_Startup/startup_samd21.o
 .group         0x00000000        0x8 Device_Startup/startup_samd21.o
 .group         0x00000000        0x8 Device_Startup/startup_samd21.o
 .group         0x00000000        0x8 Device_Startup/startup_samd21.o
 .group         0x00000000        0x8 Device_Startup/startup_samd21.o
 .group         0x00000000        0x8 Device_Startup/startup_samd21.o
 .group         0x00000000        0x8 Device_Startup/startup_samd21.o
 .group         0x00000000        0x8 Device_Startup/startup_samd21.o
 .group         0x00000000        0x8 Device_Startup/startup_samd21.o
 .group         0x00000000        0x8 Device_Startup/startup_samd21.o
 .group         0x00000000        0x8 Device_Startup/startup_samd21.o
 .group         0x00000000        0x8 Device_Startup/startup_samd21.o
 .group         0x00000000        0x8 Device_Startup/startup_samd21.o
 .group         0x00000000        0x8 Device_Startup/startup_samd21.o
 .group         0x00000000        0x8 Device_Startup/startup_samd21.o
 .group         0x00000000        0x8 Device_Startup/startup_samd21.o
 .group         0x00000000        0x8 Device_Startup/startup_samd21.o
 .group         0x00000000        0x8 Device_Startup/startup_samd21.o
 .group         0x00000000        0x8 Device_Startup/startup_samd21.o
 .group         0x00000000        0x8 Device_Startup/startup_samd21.o
 .group         0x00000000        0x8 Device_Startup/startup_samd21.o
 .group         0x00000000        0x8 Device_Startup/startup_samd21.o
 .group         0x00000000        0x8 Device_Startup/startup_samd21.o
 .group         0x00000000        0x8 Device_Startup/startup_samd21.o
 .group         0x00000000        0x8 Device_Startup/startup_samd21.o
 .group         0x00000000        0x8 Device_Startup/startup_samd21.o
 .group         0x00000000        0x8 Device_Startup/startup_samd21.o
 .group         0x00000000        0x8 Device_Startup/startup_samd21.o
 .group         0x00000000        0x8 Device_Startup/startup_samd21.o
 .group         0x00000000        0x8 Device_Startup/startup_samd21.o
 .group         0x00000000        0x8 Device_Startup/startup_samd21.o
 .group         0x00000000        0x8 Device_Startup/startup_samd21.o
 .group         0x00000000        0x8 Device_Startup/startup_samd21.o
 .group         0x00000000        0x8 Device_Startup/startup_samd21.o
 .group         0x00000000        0x8 Device_Startup/startup_samd21.o
 .group         0x00000000        0x8 Device_Startup/startup_samd21.o
 .group         0x00000000        0x8 Device_Startup/startup_samd21.o
 .group         0x00000000        0x8 Device_Startup/startup_samd21.o
 .group         0x00000000        0x8 Device_Startup/startup_samd21.o
 .group         0x00000000        0x8 Device_Startup/startup_samd21.o
 .group         0x00000000        0x8 Device_Startup/startup_samd21.o
 .group         0x00000000        0x8 Device_Startup/startup_samd21.o
 .group         0x00000000        0x8 Device_Startup/startup_samd21.o
 .group         0x00000000        0x8 Device_Startup/startup_samd21.o
 .group         0x00000000        0x8 Device_Startup/startup_samd21.o
 .group         0x00000000        0x8 Device_Startup/startup_samd21.o
 .group         0x00000000        0x8 Device_Startup/startup_samd21.o
 .group         0x00000000        0x8 Device_Startup/startup_samd21.o
 .group         0x00000000        0x8 Device_Startup/startup_samd21.o
 .group         0x00000000        0x8 Device_Startup/startup_samd21.o
 .group         0x00000000        0x8 Device_Startup/startup_samd21.o
 .group         0x00000000        0x8 Device_Startup/startup_samd21.o
 .group         0x00000000        0x8 Device_Startup/startup_samd21.o
 .group         0x00000000        0x8 Device_Startup/startup_samd21.o
 .group         0x00000000        0x8 Device_Startup/startup_samd21.o
 .group         0x00000000        0x8 Device_Startup/startup_samd21.o
 .group         0x00000000        0x8 Device_Startup/startup_samd21.o
 .group         0x00000000        0x8 Device_Startup/startup_samd21.o
 .group         0x00000000        0x8 Device_Startup/startup_samd21.o
 .group         0x00000000        0x8 Device_Startup/startup_samd21.o
 .group         0x00000000        0x8 Device_Startup/startup_samd21.o
 .group         0x00000000        0x8 Device_Startup/startup_samd21.o
 .text          0x00000000        0x0 Device_Startup/startup_samd21.o
 .data          0x00000000        0x0 Device_Startup/startup_samd21.o
 .bss           0x00000000        0x0 Device_Startup/startup_samd21.o
 .group         0x00000000        0x8 Device_Startup/system_samd21.o
 .group         0x00000000        0x8 Device_Startup/system_samd21.o
 .group         0x00000000        0x8 Device_Startup/system_samd21.o
 .group         0x00000000        0x8 Device_Startup/system_samd21.o
 .group         0x00000000        0x8 Device_Startup/system_samd21.o
 .group         0x00000000        0x8 Device_Startup/system_samd21.o
 .group         0x00000000        0x8 Device_Startup/system_samd21.o
 .group         0x00000000        0x8 Device_Startup/system_samd21.o
 .group         0x00000000        0x8 Device_Startup/system_samd21.o
 .group         0x00000000        0x8 Device_Startup/system_samd21.o
 .group         0x00000000        0x8 Device_Startup/system_samd21.o
 .group         0x00000000        0x8 Device_Startup/system_samd21.o
 .group         0x00000000        0x8 Device_Startup/system_samd21.o
 .group         0x00000000        0x8 Device_Startup/system_samd21.o
 .group         0x00000000        0x8 Device_Startup/system_samd21.o
 .group         0x00000000        0x8 Device_Startup/system_samd21.o
 .group         0x00000000        0x8 Device_Startup/system_samd21.o
 .group         0x00000000        0x8 Device_Startup/system_samd21.o
 .group         0x00000000        0x8 Device_Startup/system_samd21.o
 .group         0x00000000        0x8 Device_Startup/system_samd21.o
 .group         0x00000000        0x8 Device_Startup/system_samd21.o
 .group         0x00000000        0x8 Device_Startup/system_samd21.o
 .group         0x00000000        0x8 Device_Startup/system_samd21.o
 .group         0x00000000        0x8 Device_Startup/system_samd21.o
 .group         0x00000000        0x8 Device_Startup/system_samd21.o
 .group         0x00000000        0x8 Device_Startup/system_samd21.o
 .group         0x00000000        0x8 Device_Startup/system_samd21.o
 .group         0x00000000        0x8 Device_Startup/system_samd21.o
 .group         0x00000000        0x8 Device_Startup/system_samd21.o
 .group         0x00000000        0x8 Device_Startup/system_samd21.o
 .group         0x00000000        0x8 Device_Startup/system_samd21.o
 .group         0x00000000        0x8 Device_Startup/system_samd21.o
 .group         0x00000000        0x8 Device_Startup/system_samd21.o
 .group         0x00000000        0x8 Device_Startup/system_samd21.o
 .group         0x00000000        0x8 Device_Startup/system_samd21.o
 .group         0x00000000        0x8 Device_Startup/system_samd21.o
 .group         0x00000000        0x8 Device_Startup/system_samd21.o
 .group         0x00000000        0x8 Device_Startup/system_samd21.o
 .group         0x00000000        0x8 Device_Startup/system_samd21.o
 .group         0x00000000        0x8 Device_Startup/system_samd21.o
 .group         0x00000000        0x8 Device_Startup/system_samd21.o
 .group         0x00000000        0x8 Device_Startup/system_samd21.o
 .group         0x00000000        0x8 Device_Startup/system_samd21.o
 .group         0x00000000        0x8 Device_Startup/system_samd21.o
 .group         0x00000000        0x8 Device_Startup/system_samd21.o
 .group         0x00000000        0x8 Device_Startup/system_samd21.o
 .group         0x00000000        0x8 Device_Startup/system_samd21.o
 .group         0x00000000        0x8 Device_Startup/system_samd21.o
 .group         0x00000000        0x8 Device_Startup/system_samd21.o
 .group         0x00000000        0x8 Device_Startup/system_samd21.o
 .group         0x00000000        0x8 Device_Startup/system_samd21.o
 .group         0x00000000        0x8 Device_Startup/system_samd21.o
 .group         0x00000000        0x8 Device_Startup/system_samd21.o
 .group         0x00000000        0x8 Device_Startup/system_samd21.o
 .group         0x00000000        0x8 Device_Startup/system_samd21.o
 .group         0x00000000        0x8 Device_Startup/system_samd21.o
 .group         0x00000000        0x8 Device_Startup/system_samd21.o
 .group         0x00000000        0x8 Device_Startup/system_samd21.o
 .group         0x00000000        0x8 Device_Startup/system_samd21.o
 .group         0x00000000        0x8 Device_Startup/system_samd21.o
 .group         0x00000000        0x8 Device_Startup/system_samd21.o
 .group         0x00000000        0x8 Device_Startup/system_samd21.o
 .group         0x00000000        0x8 Device_Startup/system_samd21.o
 .group         0x00000000        0x8 Device_Startup/system_samd21.o
 .group         0x00000000        0x8 Device_Startup/system_samd21.o
 .group         0x00000000        0x8 Device_Startup/system_samd21.o
 .group         0x00000000        0x8 Device_Startup/system_samd21.o
 .group         0x00000000        0x8 Device_Startup/system_samd21.o
 .group         0x00000000        0x8 Device_Startup/system_samd21.o
 .group         0x00000000        0x8 Device_Startup/system_samd21.o
 .group         0x00000000        0x8 Device_Startup/system_samd21.o
 .group         0x00000000        0x8 Device_Startup/system_samd21.o
 .text          0x00000000        0x0 Device_Startup/system_samd21.o
 .bss           0x00000000        0x0 Device_Startup/system_samd21.o
 .text.SystemCoreClockUpdate
                0x00000000       0x18 Device_Startup/system_samd21.o
 .debug_macro   0x00000000      0x89e Device_Startup/system_samd21.o
 .debug_macro   0x00000000       0x22 Device_Startup/system_samd21.o
 .debug_macro   0x00000000       0x87 Device_Startup/system_samd21.o
 .debug_macro   0x00000000       0x51 Device_Startup/system_samd21.o
 .debug_macro   0x00000000       0xef Device_Startup/system_samd21.o
 .debug_macro   0x00000000       0x6a Device_Startup/system_samd21.o
 .debug_macro   0x00000000      0x1df Device_Startup/system_samd21.o
 .debug_macro   0x00000000       0x39 Device_Startup/system_samd21.o
 .debug_macro   0x00000000       0x28 Device_Startup/system_samd21.o
 .debug_macro   0x00000000       0x85 Device_Startup/system_samd21.o
 .debug_macro   0x00000000      0x375 Device_Startup/system_samd21.o
 .debug_macro   0x00000000      0x67e Device_Startup/system_samd21.o
 .debug_macro   0x00000000      0x8b1 Device_Startup/system_samd21.o
 .debug_macro   0x00000000      0x22e Device_Startup/system_samd21.o
 .debug_macro   0x00000000      0xd5c Device_Startup/system_samd21.o
 .debug_macro   0x00000000      0x4dc Device_Startup/system_samd21.o
 .debug_macro   0x00000000      0x9f6 Device_Startup/system_samd21.o
 .debug_macro   0x00000000      0x82b Device_Startup/system_samd21.o
 .debug_macro   0x00000000      0x45f Device_Startup/system_samd21.o
 .debug_macro   0x00000000       0x5e Device_Startup/system_samd21.o
 .debug_macro   0x00000000      0x8f9 Device_Startup/system_samd21.o
 .debug_macro   0x00000000      0x21c Device_Startup/system_samd21.o
 .debug_macro   0x00000000      0x735 Device_Startup/system_samd21.o
 .debug_macro   0x00000000       0x5e Device_Startup/system_samd21.o
 .debug_macro   0x00000000      0x632 Device_Startup/system_samd21.o
 .debug_macro   0x00000000      0x3ac Device_Startup/system_samd21.o
 .debug_macro   0x00000000      0xc76 Device_Startup/system_samd21.o
 .debug_macro   0x00000000     0x1092 Device_Startup/system_samd21.o
 .debug_macro   0x00000000      0xc4a Device_Startup/system_samd21.o
 .debug_macro   0x00000000      0x6ba Device_Startup/system_samd21.o
 .debug_macro   0x00000000     0x1b3d Device_Startup/system_samd21.o
 .debug_macro   0x00000000     0x143c Device_Startup/system_samd21.o
 .debug_macro   0x00000000      0x340 Device_Startup/system_samd21.o
 .debug_macro   0x00000000       0x7c Device_Startup/system_samd21.o
 .debug_macro   0x00000000       0xa0 Device_Startup/system_samd21.o
 .debug_macro   0x00000000       0x4c Device_Startup/system_samd21.o
 .debug_macro   0x00000000       0xca Device_Startup/system_samd21.o
 .debug_macro   0x00000000       0x94 Device_Startup/system_samd21.o
 .debug_macro   0x00000000       0x58 Device_Startup/system_samd21.o
 .debug_macro   0x00000000      0x341 Device_Startup/system_samd21.o
 .debug_macro   0x00000000       0x82 Device_Startup/system_samd21.o
 .debug_macro   0x00000000      0x189 Device_Startup/system_samd21.o
 .debug_macro   0x00000000       0xb8 Device_Startup/system_samd21.o
 .debug_macro   0x00000000       0xa0 Device_Startup/system_samd21.o
 .debug_macro   0x00000000       0xb2 Device_Startup/system_samd21.o
 .debug_macro   0x00000000       0x1c Device_Startup/system_samd21.o
 .debug_macro   0x00000000       0x1c Device_Startup/system_samd21.o
 .debug_macro   0x00000000       0x1c Device_Startup/system_samd21.o
 .debug_macro   0x00000000       0x7c Device_Startup/system_samd21.o
 .debug_macro   0x00000000      0x15a Device_Startup/system_samd21.o
 .debug_macro   0x00000000       0x10 Device_Startup/system_samd21.o
 .debug_macro   0x00000000       0xdc Device_Startup/system_samd21.o
 .debug_macro   0x00000000      0x124 Device_Startup/system_samd21.o
 .debug_macro   0x00000000      0x124 Device_Startup/system_samd21.o
 .debug_macro   0x00000000      0x124 Device_Startup/system_samd21.o
 .debug_macro   0x00000000      0x124 Device_Startup/system_samd21.o
 .debug_macro   0x00000000      0x124 Device_Startup/system_samd21.o
 .debug_macro   0x00000000      0x124 Device_Startup/system_samd21.o
 .debug_macro   0x00000000      0x124 Device_Startup/system_samd21.o
 .debug_macro   0x00000000       0xe2 Device_Startup/system_samd21.o
 .debug_macro   0x00000000       0xe2 Device_Startup/system_samd21.o
 .debug_macro   0x00000000       0xe2 Device_Startup/system_samd21.o
 .debug_macro   0x00000000       0xe2 Device_Startup/system_samd21.o
 .debug_macro   0x00000000       0xe2 Device_Startup/system_samd21.o
 .debug_macro   0x00000000      0x12a Device_Startup/system_samd21.o
 .debug_macro   0x00000000      0x100 Device_Startup/system_samd21.o
 .debug_macro   0x00000000       0xf4 Device_Startup/system_samd21.o
 .debug_macro   0x00000000      0x40f Device_Startup/system_samd21.o
 .debug_macro   0x00000000       0x40 Device_Startup/system_samd21.o
 .debug_macro   0x00000000      0x392 Device_Startup/system_samd21.o
 .debug_macro   0x00000000     0x1fb0 Device_Startup/system_samd21.o
 .debug_macro   0x00000000       0x6d Device_Startup/system_samd21.o
 .group         0x00000000        0x8 gpio.o
 .group         0x00000000        0x8 gpio.o
 .group         0x00000000        0x8 gpio.o
 .group         0x00000000        0x8 gpio.o
 .group         0x00000000        0x8 gpio.o
 .group         0x00000000        0x8 gpio.o
 .group         0x00000000        0x8 gpio.o
 .group         0x00000000        0x8 gpio.o
 .group         0x00000000        0x8 gpio.o
 .group         0x00000000        0x8 gpio.o
 .group         0x00000000        0x8 gpio.o
 .group         0x00000000        0x8 gpio.o
 .group         0x00000000        0x8 gpio.o
 .group         0x00000000        0x8 gpio.o
 .group         0x00000000        0x8 gpio.o
 .group         0x00000000        0x8 gpio.o
 .group         0x00000000        0x8 gpio.o
 .group         0x00000000        0x8 gpio.o
 .group         0x00000000        0x8 gpio.o
 .group         0x00000000        0x8 gpio.o
 .group         0x00000000        0x8 gpio.o
 .group         0x00000000        0x8 gpio.o
 .group         0x00000000        0x8 gpio.o
 .group         0x00000000        0x8 gpio.o
 .group         0x00000000        0x8 gpio.o
 .group         0x00000000        0x8 gpio.o
 .group         0x00000000        0x8 gpio.o
 .group         0x00000000        0x8 gpio.o
 .group         0x00000000        0x8 gpio.o
 .group         0x00000000        0x8 gpio.o
 .group         0x00000000        0x8 gpio.o
 .group         0x00000000        0x8 gpio.o
 .group         0x00000000        0x8 gpio.o
 .group         0x00000000        0x8 gpio.o
 .group         0x00000000        0x8 gpio.o
 .group         0x00000000        0x8 gpio.o
 .group         0x00000000        0x8 gpio.o
 .group         0x00000000        0x8 gpio.o
 .group         0x00000000        0x8 gpio.o
 .group         0x00000000        0x8 gpio.o
 .group         0x00000000        0x8 gpio.o
 .group         0x00000000        0x8 gpio.o
 .group         0x00000000        0x8 gpio.o
 .group         0x00000000        0x8 gpio.o
 .group         0x00000000        0x8 gpio.o
 .group         0x00000000        0x8 gpio.o
 .group         0x00000000        0x8 gpio.o
 .group         0x00000000        0x8 gpio.o
 .group         0x00000000        0x8 gpio.o
 .group         0x00000000        0x8 gpio.o
 .group         0x00000000        0x8 gpio.o
 .group         0x00000000        0x8 gpio.o
 .group         0x00000000        0x8 gpio.o
 .group         0x00000000        0x8 gpio.o
 .group         0x00000000        0x8 gpio.o
 .group         0x00000000        0x8 gpio.o
 .group         0x00000000        0x8 gpio.o
 .group         0x00000000        0x8 gpio.o
 .group         0x00000000        0x8 gpio.o
 .group         0x00000000        0x8 gpio.o
 .group         0x00000000        0x8 gpio.o
 .group         0x00000000        0x8 gpio.o
 .group         0x00000000        0x8 gpio.o
 .group         0x00000000        0x8 gpio.o
 .group         0x00000000        0x8 gpio.o
 .group         0x00000000        0x8 gpio.o
 .group         0x00000000        0x8 gpio.o
 .group         0x00000000        0x8 gpio.o
 .group         0x00000000        0x8 gpio.o
 .group         0x00000000        0x8 gpio.o
 .group         0x00000000        0x8 gpio.o
 .group         0x00000000        0x8 gpio.o
 .group         0x00000000        0x8 gpio.o
 .text          0x00000000        0x0 gpio.o
 .data          0x00000000        0x0 gpio.o
 .bss           0x00000000        0x0 gpio.o
 .debug_macro   0x00000000      0x89e gpio.o
 .debug_macro   0x00000000       0x22 gpio.o
 .debug_macro   0x00000000       0x87 gpio.o
 .debug_macro   0x00000000       0x51 gpio.o
 .debug_macro   0x00000000       0xef gpio.o
 .debug_macro   0x00000000       0x6a gpio.o
 .debug_macro   0x00000000      0x1df gpio.o
 .debug_macro   0x00000000       0x39 gpio.o
 .debug_macro   0x00000000       0x28 gpio.o
 .debug_macro   0x00000000       0x85 gpio.o
 .debug_macro   0x00000000      0x375 gpio.o
 .debug_macro   0x00000000      0x67e gpio.o
 .debug_macro   0x00000000      0x8b1 gpio.o
 .debug_macro   0x00000000      0x22e gpio.o
 .debug_macro   0x00000000      0xd5c gpio.o
 .debug_macro   0x00000000      0x4dc gpio.o
 .debug_macro   0x00000000      0x9f6 gpio.o
 .debug_macro   0x00000000      0x82b gpio.o
 .debug_macro   0x00000000      0x45f gpio.o
 .debug_macro   0x00000000       0x5e gpio.o
 .debug_macro   0x00000000      0x8f9 gpio.o
 .debug_macro   0x00000000      0x21c gpio.o
 .debug_macro   0x00000000      0x735 gpio.o
 .debug_macro   0x00000000       0x5e gpio.o
 .debug_macro   0x00000000      0x632 gpio.o
 .debug_macro   0x00000000      0x3ac gpio.o
 .debug_macro   0x00000000      0xc76 gpio.o
 .debug_macro   0x00000000     0x1092 gpio.o
 .debug_macro   0x00000000      0xc4a gpio.o
 .debug_macro   0x00000000      0x6ba gpio.o
 .debug_macro   0x00000000     0x1b3d gpio.o
 .debug_macro   0x00000000     0x143c gpio.o
 .debug_macro   0x00000000      0x340 gpio.o
 .debug_macro   0x00000000       0x7c gpio.o
 .debug_macro   0x00000000       0xa0 gpio.o
 .debug_macro   0x00000000       0x4c gpio.o
 .debug_macro   0x00000000       0xca gpio.o
 .debug_macro   0x00000000       0x94 gpio.o
 .debug_macro   0x00000000       0x58 gpio.o
 .debug_macro   0x00000000      0x341 gpio.o
 .debug_macro   0x00000000       0x82 gpio.o
 .debug_macro   0x00000000      0x189 gpio.o
 .debug_macro   0x00000000       0xb8 gpio.o
 .debug_macro   0x00000000       0xa0 gpio.o
 .debug_macro   0x00000000       0xb2 gpio.o
 .debug_macro   0x00000000       0x1c gpio.o
 .debug_macro   0x00000000       0x1c gpio.o
 .debug_macro   0x00000000       0x1c gpio.o
 .debug_macro   0x00000000       0x7c gpio.o
 .debug_macro   0x00000000      0x15a gpio.o
 .debug_macro   0x00000000       0x10 gpio.o
 .debug_macro   0x00000000       0xdc gpio.o
 .debug_macro   0x00000000      0x124 gpio.o
 .debug_macro   0x00000000      0x124 gpio.o
 .debug_macro   0x00000000      0x124 gpio.o
 .debug_macro   0x00000000      0x124 gpio.o
 .debug_macro   0x00000000      0x124 gpio.o
 .debug_macro   0x00000000      0x124 gpio.o
 .debug_macro   0x00000000      0x124 gpio.o
 .debug_macro   0x00000000       0xe2 gpio.o
 .debug_macro   0x00000000       0xe2 gpio.o
 .debug_macro   0x00000000       0xe2 gpio.o
 .debug_macro   0x00000000       0xe2 gpio.o
 .debug_macro   0x00000000       0xe2 gpio.o
 .debug_macro   0x00000000      0x12a gpio.o
 .debug_macro   0x00000000      0x100 gpio.o
 .debug_macro   0x00000000       0xf4 gpio.o
 .debug_macro   0x00000000      0x40f gpio.o
 .debug_macro   0x00000000       0x40 gpio.o
 .debug_macro   0x00000000      0x392 gpio.o
 .debug_macro   0x00000000     0x1fb0 gpio.o
 .debug_macro   0x00000000       0x6d gpio.o
 .group         0x00000000        0x8 main.o
 .group         0x00000000        0x8 main.o
 .group         0x00000000        0x8 main.o
 .group         0x00000000        0x8 main.o
 .group         0x00000000        0x8 main.o
 .group         0x00000000        0x8 main.o
 .group         0x00000000        0x8 main.o
 .group         0x00000000        0x8 main.o
 .group         0x00000000        0x8 main.o
 .group         0x00000000        0x8 main.o
 .group         0x00000000        0x8 main.o
 .group         0x00000000        0x8 main.o
 .group         0x00000000        0x8 main.o
 .group         0x00000000        0x8 main.o
 .group         0x00000000        0x8 main.o
 .group         0x00000000        0x8 main.o
 .group         0x00000000        0x8 main.o
 .group         0x00000000        0x8 main.o
 .group         0x00000000        0x8 main.o
 .group         0x00000000        0x8 main.o
 .group         0x00000000        0x8 main.o
 .group         0x00000000        0x8 main.o
 .group         0x00000000        0x8 main.o
 .group         0x00000000        0x8 main.o
 .group         0x00000000        0x8 main.o
 .group         0x00000000        0x8 main.o
 .group         0x00000000        0x8 main.o
 .group         0x00000000        0x8 main.o
 .group         0x00000000        0x8 main.o
 .group         0x00000000        0x8 main.o
 .group         0x00000000        0x8 main.o
 .group         0x00000000        0x8 main.o
 .group         0x00000000        0x8 main.o
 .group         0x00000000        0x8 main.o
 .group         0x00000000        0x8 main.o
 .group         0x00000000        0x8 main.o
 .group         0x00000000        0x8 main.o
 .group         0x00000000        0x8 main.o
 .group         0x00000000        0x8 main.o
 .group         0x00000000        0x8 main.o
 .group         0x00000000        0x8 main.o
 .group         0x00000000        0x8 main.o
 .group         0x00000000        0x8 main.o
 .group         0x00000000        0x8 main.o
 .group         0x00000000        0x8 main.o
 .group         0x00000000        0x8 main.o
 .group         0x00000000        0x8 main.o
 .group         0x00000000        0x8 main.o
 .group         0x00000000        0x8 main.o
 .group         0x00000000        0x8 main.o
 .group         0x00000000        0x8 main.o
 .group         0x00000000        0x8 main.o
 .group         0x00000000        0x8 main.o
 .group         0x00000000        0x8 main.o
 .group         0x00000000        0x8 main.o
 .group         0x00000000        0x8 main.o
 .group         0x00000000        0x8 main.o
 .group         0x00000000        0x8 main.o
 .group         0x00000000        0x8 main.o
 .group         0x00000000        0x8 main.o
 .group         0x00000000        0x8 main.o
 .group         0x00000000        0x8 main.o
 .group         0x00000000        0x8 main.o
 .group         0x00000000        0x8 main.o
 .group         0x00000000        0x8 main.o
 .group         0x00000000        0x8 main.o
 .group         0x00000000        0x8 main.o
 .group         0x00000000        0x8 main.o
 .group         0x00000000        0x8 main.o
 .group         0x00000000        0x8 main.o
 .group         0x00000000        0x8 main.o
 .group         0x00000000        0x8 main.o
 .group         0x00000000        0x8 main.o
 .group         0x00000000        0x8 main.o
 .group         0x00000000        0x8 main.o
 .text          0x00000000        0x0 main.o
 .data          0x00000000        0x0 main.o
 .bss           0x00000000        0x0 main.o
 .debug_macro   0x00000000      0x89e main.o
 .debug_macro   0x00000000       0x22 main.o
 .debug_macro   0x00000000       0x87 main.o
 .debug_macro   0x00000000       0x51 main.o
 .debug_macro   0x00000000       0xef main.o
 .debug_macro   0x00000000       0x6a main.o
 .debug_macro   0x00000000      0x1df main.o
 .debug_macro   0x00000000       0x39 main.o
 .debug_macro   0x00000000       0x28 main.o
 .debug_macro   0x00000000       0x85 main.o
 .debug_macro   0x00000000      0x375 main.o
 .debug_macro   0x00000000      0x67e main.o
 .debug_macro   0x00000000      0x8b1 main.o
 .debug_macro   0x00000000      0x22e main.o
 .debug_macro   0x00000000      0xd5c main.o
 .debug_macro   0x00000000      0x4dc main.o
 .debug_macro   0x00000000      0x9f6 main.o
 .debug_macro   0x00000000      0x82b main.o
 .debug_macro   0x00000000      0x45f main.o
 .debug_macro   0x00000000       0x5e main.o
 .debug_macro   0x00000000      0x8f9 main.o
 .debug_macro   0x00000000      0x21c main.o
 .debug_macro   0x00000000      0x735 main.o
 .debug_macro   0x00000000       0x5e main.o
 .debug_macro   0x00000000      0x632 main.o
 .debug_macro   0x00000000      0x3ac main.o
 .debug_macro   0x00000000      0xc76 main.o
 .debug_macro   0x00000000     0x1092 main.o
 .debug_macro   0x00000000      0xc4a main.o
 .debug_macro   0x00000000      0x6ba main.o
 .debug_macro   0x00000000     0x1b3d main.o
 .debug_macro   0x00000000     0x143c main.o
 .debug_macro   0x00000000      0x340 main.o
 .debug_macro   0x00000000       0x7c main.o
 .debug_macro   0x00000000       0xa0 main.o
 .debug_macro   0x00000000       0x4c main.o
 .debug_macro   0x00000000       0xca main.o
 .debug_macro   0x00000000       0x94 main.o
 .debug_macro   0x00000000       0x58 main.o
 .debug_macro   0x00000000      0x341 main.o
 .debug_macro   0x00000000       0x82 main.o
 .debug_macro   0x00000000      0x189 main.o
 .debug_macro   0x00000000       0xb8 main.o
 .debug_macro   0x00000000       0xa0 main.o
 .debug_macro   0x00000000       0xb2 main.o
 .debug_macro   0x00000000       0x1c main.o
 .debug_macro   0x00000000       0x1c main.o
 .debug_macro   0x00000000       0x1c main.o
 .debug_macro   0x00000000       0x7c main.o
 .debug_macro   0x00000000      0x15a main.o
 .debug_macro   0x00000000       0x10 main.o
 .debug_macro   0x00000000       0xdc main.o
 .debug_macro   0x00000000      0x124 main.o
 .debug_macro   0x00000000      0x124 main.o
 .debug_macro   0x00000000      0x124 main.o
 .debug_macro   0x00000000      0x124 main.o
 .debug_macro   0x00000000      0x124 main.o
 .debug_macro   0x00000000      0x124 main.o
 .debug_macro   0x00000000      0x124 main.o
 .debug_macro   0x00000000       0xe2 main.o
 .debug_macro   0x00000000       0xe2 main.o
 .debug_macro   0x00000000       0xe2 main.o
 .debug_macro   0x00000000       0xe2 main.o
 .debug_macro   0x00000000       0xe2 main.o
 .debug_macro   0x00000000      0x12a main.o
 .debug_macro   0x00000000      0x100 main.o
 .debug_macro   0x00000000       0xf4 main.o
 .debug_macro   0x00000000      0x40f main.o
 .debug_macro   0x00000000       0x40 main.o
 .debug_macro   0x00000000      0x392 main.o
 .debug_macro   0x00000000     0x1fb0 main.o
 .debug_macro   0x00000000       0x6d main.o
 .group         0x00000000        0x8 spi_master.o
 .group         0x00000000        0x8 spi_master.o
 .group         0x00000000        0x8 spi_master.o
 .group         0x00000000        0x8 spi_master.o
 .group         0x00000000        0x8 spi_master.o
 .group         0x00000000        0x8 spi_master.o
 .group         0x00000000        0x8 spi_master.o
 .group         0x00000000        0x8 spi_master.o
 .group         0x00000000        0x8 spi_master.o
 .group         0x00000000        0x8 spi_master.o
 .group         0x00000000        0x8 spi_master.o
 .group         0x00000000        0x8 spi_master.o
 .group         0x00000000        0x8 spi_master.o
 .group         0x00000000        0x8 spi_master.o
 .group         0x00000000        0x8 spi_master.o
 .group         0x00000000        0x8 spi_master.o
 .group         0x00000000        0x8 spi_master.o
 .group         0x00000000        0x8 spi_master.o
 .group         0x00000000        0x8 spi_master.o
 .group         0x00000000        0x8 spi_master.o
 .group         0x00000000        0x8 spi_master.o
 .group         0x00000000        0x8 spi_master.o
 .group         0x00000000        0x8 spi_master.o
 .group         0x00000000        0x8 spi_master.o
 .group         0x00000000        0x8 spi_master.o
 .group         0x00000000        0x8 spi_master.o
 .group         0x00000000        0x8 spi_master.o
 .group         0x00000000        0x8 spi_master.o
 .group         0x00000000        0x8 spi_master.o
 .group         0x00000000        0x8 spi_master.o
 .group         0x00000000        0x8 spi_master.o
 .group         0x00000000        0x8 spi_master.o
 .group         0x00000000        0x8 spi_master.o
 .group         0x00000000        0x8 spi_master.o
 .group         0x00000000        0x8 spi_master.o
 .group         0x00000000        0x8 spi_master.o
 .group         0x00000000        0x8 spi_master.o
 .group         0x00000000        0x8 spi_master.o
 .group         0x00000000        0x8 spi_master.o
 .group         0x00000000        0x8 spi_master.o
 .group         0x00000000        0x8 spi_master.o
 .group         0x00000000        0x8 spi_master.o
 .group         0x00000000        0x8 spi_master.o
 .group         0x00000000        0x8 spi_master.o
 .group         0x00000000        0x8 spi_master.o
 .group         0x00000000        0x8 spi_master.o
 .group         0x00000000        0x8 spi_master.o
 .group         0x00000000        0x8 spi_master.o
 .group         0x00000000        0x8 spi_master.o
 .group         0x00000000        0x8 spi_master.o
 .group         0x00000000        0x8 spi_master.o
 .group         0x00000000        0x8 spi_master.o
 .group         0x00000000        0x8 spi_master.o
 .group         0x00000000        0x8 spi_master.o
 .group         0x00000000        0x8 spi_master.o
 .group         0x00000000        0x8 spi_master.o
 .group         0x00000000        0x8 spi_master.o
 .group         0x00000000        0x8 spi_master.o
 .group         0x00000000        0x8 spi_master.o
 .group         0x00000000        0x8 spi_master.o
 .group         0x00000000        0x8 spi_master.o
 .group         0x00000000        0x8 spi_master.o
 .group         0x00000000        0x8 spi_master.o
 .group         0x00000000        0x8 spi_master.o
 .group         0x00000000        0x8 spi_master.o
 .group         0x00000000        0x8 spi_master.o
 .group         0x00000000        0x8 spi_master.o
 .group         0x00000000        0x8 spi_master.o
 .group         0x00000000        0x8 spi_master.o
 .group         0x00000000        0x8 spi_master.o
 .group         0x00000000        0x8 spi_master.o
 .group         0x00000000        0x8 spi_master.o
 .group         0x00000000        0x8 spi_master.o
 .group         0x00000000        0x8 spi_master.o
 .text          0x00000000        0x0 spi_master.o
 .data          0x00000000        0x0 spi_master.o
 .bss           0x00000000        0x0 spi_master.o
 .debug_macro   0x00000000      0x89e spi_master.o
 .debug_macro   0x00000000       0x22 spi_master.o
 .debug_macro   0x00000000       0x87 spi_master.o
 .debug_macro   0x00000000       0x51 spi_master.o
 .debug_macro   0x00000000       0xef spi_master.o
 .debug_macro   0x00000000       0x6a spi_master.o
 .debug_macro   0x00000000      0x1df spi_master.o
 .debug_macro   0x00000000       0x39 spi_master.o
 .debug_macro   0x00000000       0x28 spi_master.o
 .debug_macro   0x00000000       0x85 spi_master.o
 .debug_macro   0x00000000      0x375 spi_master.o
 .debug_macro   0x00000000      0x67e spi_master.o
 .debug_macro   0x00000000      0x8b1 spi_master.o
 .debug_macro   0x00000000      0x22e spi_master.o
 .debug_macro   0x00000000      0xd5c spi_master.o
 .debug_macro   0x00000000      0x4dc spi_master.o
 .debug_macro   0x00000000      0x9f6 spi_master.o
 .debug_macro   0x00000000      0x82b spi_master.o
 .debug_macro   0x00000000      0x45f spi_master.o
 .debug_macro   0x00000000       0x5e spi_master.o
 .debug_macro   0x00000000      0x8f9 spi_master.o
 .debug_macro   0x00000000      0x21c spi_master.o
 .debug_macro   0x00000000      0x735 spi_master.o
 .debug_macro   0x00000000       0x5e spi_master.o
 .debug_macro   0x00000000      0x632 spi_master.o
 .debug_macro   0x00000000      0x3ac spi_master.o
 .debug_macro   0x00000000      0xc76 spi_master.o
 .debug_macro   0x00000000     0x1092 spi_master.o
 .debug_macro   0x00000000      0xc4a spi_master.o
 .debug_macro   0x00000000      0x6ba spi_master.o
 .debug_macro   0x00000000     0x1b3d spi_master.o
 .debug_macro   0x00000000     0x143c spi_master.o
 .debug_macro   0x00000000      0x340 spi_master.o
 .debug_macro   0x00000000       0x7c spi_master.o
 .debug_macro   0x00000000       0xa0 spi_master.o
 .debug_macro   0x00000000       0x4c spi_master.o
 .debug_macro   0x00000000       0xca spi_master.o
 .debug_macro   0x00000000       0x94 spi_master.o
 .debug_macro   0x00000000       0x58 spi_master.o
 .debug_macro   0x00000000      0x341 spi_master.o
 .debug_macro   0x00000000       0x82 spi_master.o
 .debug_macro   0x00000000      0x189 spi_master.o
 .debug_macro   0x00000000       0xb8 spi_master.o
 .debug_macro   0x00000000       0xa0 spi_master.o
 .debug_macro   0x00000000       0xb2 spi_master.o
 .debug_macro   0x00000000       0x1c spi_master.o
 .debug_macro   0x00000000       0x1c spi_master.o
 .debug_macro   0x00000000       0x1c spi_master.o
 .debug_macro   0x00000000       0x7c spi_master.o
 .debug_macro   0x00000000      0x15a spi_master.o
 .debug_macro   0x00000000       0x10 spi_master.o
 .debug_macro   0x00000000       0xdc spi_master.o
 .debug_macro   0x00000000      0x124 spi_master.o
 .debug_macro   0x00000000      0x124 spi_master.o
 .debug_macro   0x00000000      0x124 spi_master.o
 .debug_macro   0x00000000      0x124 spi_master.o
 .debug_macro   0x00000000      0x124 spi_master.o
 .debug_macro   0x00000000      0x124 spi_master.o
 .debug_macro   0x00000000      0x124 spi_master.o
 .debug_macro   0x00000000       0xe2 spi_master.o
 .debug_macro   0x00000000       0xe2 spi_master.o
 .debug_macro   0x00000000       0xe2 spi_master.o
 .debug_macro   0x00000000       0xe2 spi_master.o
 .debug_macro   0x00000000       0xe2 spi_master.o
 .debug_macro   0x00000000      0x12a spi_master.o
 .debug_macro   0x00000000      0x100 spi_master.o
 .debug_macro   0x00000000       0xf4 spi_master.o
 .debug_macro   0x00000000      0x40f spi_master.o
 .debug_macro   0x00000000       0x40 spi_master.o
 .debug_macro   0x00000000      0x392 spi_master.o
 .debug_macro   0x00000000     0x1fb0 spi_master.o
 .debug_macro   0x00000000       0x6d spi_master.o
 .debug_macro   0x00000000       0x5e spi_master.o
 .debug_macro   0x00000000       0x40 spi_master.o
 .group         0x00000000        0x8 tmr.o
 .group         0x00000000        0x8 tmr.o
 .group         0x00000000        0x8 tmr.o
 .group         0x00000000        0x8 tmr.o
 .group         0x00000000        0x8 tmr.o
 .group         0x00000000        0x8 tmr.o
 .group         0x00000000        0x8 tmr.o
 .group         0x00000000        0x8 tmr.o
 .group         0x00000000        0x8 tmr.o
 .group         0x00000000        0x8 tmr.o
 .group         0x00000000        0x8 tmr.o
 .group         0x00000000        0x8 tmr.o
 .group         0x00000000        0x8 tmr.o
 .group         0x00000000        0x8 tmr.o
 .group         0x00000000        0x8 tmr.o
 .group         0x00000000        0x8 tmr.o
 .group         0x00000000        0x8 tmr.o
 .group         0x00000000        0x8 tmr.o
 .group         0x00000000        0x8 tmr.o
 .group         0x00000000        0x8 tmr.o
 .group         0x00000000        0x8 tmr.o
 .group         0x00000000        0x8 tmr.o
 .group         0x00000000        0x8 tmr.o
 .group         0x00000000        0x8 tmr.o
 .group         0x00000000        0x8 tmr.o
 .group         0x00000000        0x8 tmr.o
 .group         0x00000000        0x8 tmr.o
 .group         0x00000000        0x8 tmr.o
 .group         0x00000000        0x8 tmr.o
 .group         0x00000000        0x8 tmr.o
 .group         0x00000000        0x8 tmr.o
 .group         0x00000000        0x8 tmr.o
 .group         0x00000000        0x8 tmr.o
 .group         0x00000000        0x8 tmr.o
 .group         0x00000000        0x8 tmr.o
 .group         0x00000000        0x8 tmr.o
 .group         0x00000000        0x8 tmr.o
 .group         0x00000000        0x8 tmr.o
 .group         0x00000000        0x8 tmr.o
 .group         0x00000000        0x8 tmr.o
 .group         0x00000000        0x8 tmr.o
 .group         0x00000000        0x8 tmr.o
 .group         0x00000000        0x8 tmr.o
 .group         0x00000000        0x8 tmr.o
 .group         0x00000000        0x8 tmr.o
 .group         0x00000000        0x8 tmr.o
 .group         0x00000000        0x8 tmr.o
 .group         0x00000000        0x8 tmr.o
 .group         0x00000000        0x8 tmr.o
 .group         0x00000000        0x8 tmr.o
 .group         0x00000000        0x8 tmr.o
 .group         0x00000000        0x8 tmr.o
 .group         0x00000000        0x8 tmr.o
 .group         0x00000000        0x8 tmr.o
 .group         0x00000000        0x8 tmr.o
 .group         0x00000000        0x8 tmr.o
 .group         0x00000000        0x8 tmr.o
 .group         0x00000000        0x8 tmr.o
 .group         0x00000000        0x8 tmr.o
 .group         0x00000000        0x8 tmr.o
 .group         0x00000000        0x8 tmr.o
 .group         0x00000000        0x8 tmr.o
 .group         0x00000000        0x8 tmr.o
 .group         0x00000000        0x8 tmr.o
 .group         0x00000000        0x8 tmr.o
 .group         0x00000000        0x8 tmr.o
 .group         0x00000000        0x8 tmr.o
 .group         0x00000000        0x8 tmr.o
 .group         0x00000000        0x8 tmr.o
 .group         0x00000000        0x8 tmr.o
 .group         0x00000000        0x8 tmr.o
 .group         0x00000000        0x8 tmr.o
 .group         0x00000000        0x8 tmr.o
 .group         0x00000000        0x8 tmr.o
 .text          0x00000000        0x0 tmr.o
 .data          0x00000000        0x0 tmr.o
 .debug_macro   0x00000000      0x89e tmr.o
 .debug_macro   0x00000000       0x22 tmr.o
 .debug_macro   0x00000000       0x87 tmr.o
 .debug_macro   0x00000000       0x51 tmr.o
 .debug_macro   0x00000000       0xef tmr.o
 .debug_macro   0x00000000       0x6a tmr.o
 .debug_macro   0x00000000      0x1df tmr.o
 .debug_macro   0x00000000       0x39 tmr.o
 .debug_macro   0x00000000       0x28 tmr.o
 .debug_macro   0x00000000       0x85 tmr.o
 .debug_macro   0x00000000      0x375 tmr.o
 .debug_macro   0x00000000      0x67e tmr.o
 .debug_macro   0x00000000      0x8b1 tmr.o
 .debug_macro   0x00000000      0x22e tmr.o
 .debug_macro   0x00000000      0xd5c tmr.o
 .debug_macro   0x00000000      0x4dc tmr.o
 .debug_macro   0x00000000      0x9f6 tmr.o
 .debug_macro   0x00000000      0x82b tmr.o
 .debug_macro   0x00000000      0x45f tmr.o
 .debug_macro   0x00000000       0x5e tmr.o
 .debug_macro   0x00000000      0x8f9 tmr.o
 .debug_macro   0x00000000      0x21c tmr.o
 .debug_macro   0x00000000      0x735 tmr.o
 .debug_macro   0x00000000       0x5e tmr.o
 .debug_macro   0x00000000      0x632 tmr.o
 .debug_macro   0x00000000      0x3ac tmr.o
 .debug_macro   0x00000000      0xc76 tmr.o
 .debug_macro   0x00000000     0x1092 tmr.o
 .debug_macro   0x00000000      0xc4a tmr.o
 .debug_macro   0x00000000      0x6ba tmr.o
 .debug_macro   0x00000000     0x1b3d tmr.o
 .debug_macro   0x00000000     0x143c tmr.o
 .debug_macro   0x00000000      0x340 tmr.o
 .debug_macro   0x00000000       0x7c tmr.o
 .debug_macro   0x00000000       0xa0 tmr.o
 .debug_macro   0x00000000       0x4c tmr.o
 .debug_macro   0x00000000       0xca tmr.o
 .debug_macro   0x00000000       0x94 tmr.o
 .debug_macro   0x00000000       0x58 tmr.o
 .debug_macro   0x00000000      0x341 tmr.o
 .debug_macro   0x00000000       0x82 tmr.o
 .debug_macro   0x00000000      0x189 tmr.o
 .debug_macro   0x00000000       0xb8 tmr.o
 .debug_macro   0x00000000       0xa0 tmr.o
 .debug_macro   0x00000000       0xb2 tmr.o
 .debug_macro   0x00000000       0x1c tmr.o
 .debug_macro   0x00000000       0x1c tmr.o
 .debug_macro   0x00000000       0x1c tmr.o
 .debug_macro   0x00000000       0x7c tmr.o
 .debug_macro   0x00000000      0x15a tmr.o
 .debug_macro   0x00000000       0x10 tmr.o
 .debug_macro   0x00000000       0xdc tmr.o
 .debug_macro   0x00000000      0x124 tmr.o
 .debug_macro   0x00000000      0x124 tmr.o
 .debug_macro   0x00000000      0x124 tmr.o
 .debug_macro   0x00000000      0x124 tmr.o
 .debug_macro   0x00000000      0x124 tmr.o
 .debug_macro   0x00000000      0x124 tmr.o
 .debug_macro   0x00000000      0x124 tmr.o
 .debug_macro   0x00000000       0xe2 tmr.o
 .debug_macro   0x00000000       0xe2 tmr.o
 .debug_macro   0x00000000       0xe2 tmr.o
 .debug_macro   0x00000000       0xe2 tmr.o
 .debug_macro   0x00000000       0xe2 tmr.o
 .debug_macro   0x00000000      0x12a tmr.o
 .debug_macro   0x00000000      0x100 tmr.o
 .debug_macro   0x00000000       0xf4 tmr.o
 .debug_macro   0x00000000      0x40f tmr.o
 .debug_macro   0x00000000       0x40 tmr.o
 .debug_macro   0x00000000      0x392 tmr.o
 .debug_macro   0x00000000     0x1fb0 tmr.o
 .debug_macro   0x00000000       0x6d tmr.o
 .debug_macro   0x00000000       0x2e tmr.o
 .debug_macro   0x00000000       0x5e tmr.o
 .text          0x00000000        0x0 c:/program files (x86)/atmel/studio/7.0/toolchain/arm/arm-gnu-toolchain/bin/../lib/gcc/arm-none-eabi/6.3.1/../../../../arm-none-eabi/lib/thumb/v6-m\libc.a(lib_a-exit.o)
 .data          0x00000000        0x0 c:/program files (x86)/atmel/studio/7.0/toolchain/arm/arm-gnu-toolchain/bin/../lib/gcc/arm-none-eabi/6.3.1/../../../../arm-none-eabi/lib/thumb/v6-m\libc.a(lib_a-exit.o)
 .bss           0x00000000        0x0 c:/program files (x86)/atmel/studio/7.0/toolchain/arm/arm-gnu-toolchain/bin/../lib/gcc/arm-none-eabi/6.3.1/../../../../arm-none-eabi/lib/thumb/v6-m\libc.a(lib_a-exit.o)
 .text.exit     0x00000000       0x20 c:/program files (x86)/atmel/studio/7.0/toolchain/arm/arm-gnu-toolchain/bin/../lib/gcc/arm-none-eabi/6.3.1/../../../../arm-none-eabi/lib/thumb/v6-m\libc.a(lib_a-exit.o)
 .debug_frame   0x00000000       0x28 c:/program files (x86)/atmel/studio/7.0/toolchain/arm/arm-gnu-toolchain/bin/../lib/gcc/arm-none-eabi/6.3.1/../../../../arm-none-eabi/lib/thumb/v6-m\libc.a(lib_a-exit.o)
 .ARM.attributes
                0x00000000       0x2c c:/program files (x86)/atmel/studio/7.0/toolchain/arm/arm-gnu-toolchain/bin/../lib/gcc/arm-none-eabi/6.3.1/../../../../arm-none-eabi/lib/thumb/v6-m\libc.a(lib_a-exit.o)
 .text          0x00000000        0x0 c:/program files (x86)/atmel/studio/7.0/toolchain/arm/arm-gnu-toolchain/bin/../lib/gcc/arm-none-eabi/6.3.1/../../../../arm-none-eabi/lib/thumb/v6-m\libc.a(lib_a-impure.o)
 .data          0x00000000        0x0 c:/program files (x86)/atmel/studio/7.0/toolchain/arm/arm-gnu-toolchain/bin/../lib/gcc/arm-none-eabi/6.3.1/../../../../arm-none-eabi/lib/thumb/v6-m\libc.a(lib_a-impure.o)
 .bss           0x00000000        0x0 c:/program files (x86)/atmel/studio/7.0/toolchain/arm/arm-gnu-toolchain/bin/../lib/gcc/arm-none-eabi/6.3.1/../../../../arm-none-eabi/lib/thumb/v6-m\libc.a(lib_a-impure.o)
 .data._impure_ptr
                0x00000000        0x4 c:/program files (x86)/atmel/studio/7.0/toolchain/arm/arm-gnu-toolchain/bin/../lib/gcc/arm-none-eabi/6.3.1/../../../../arm-none-eabi/lib/thumb/v6-m\libc.a(lib_a-impure.o)
 .text          0x00000000        0x0 c:/program files (x86)/atmel/studio/7.0/toolchain/arm/arm-gnu-toolchain/bin/../lib/gcc/arm-none-eabi/6.3.1/../../../../arm-none-eabi/lib/thumb/v6-m\libc.a(lib_a-init.o)
 .data          0x00000000        0x0 c:/program files (x86)/atmel/studio/7.0/toolchain/arm/arm-gnu-toolchain/bin/../lib/gcc/arm-none-eabi/6.3.1/../../../../arm-none-eabi/lib/thumb/v6-m\libc.a(lib_a-init.o)
 .bss           0x00000000        0x0 c:/program files (x86)/atmel/studio/7.0/toolchain/arm/arm-gnu-toolchain/bin/../lib/gcc/arm-none-eabi/6.3.1/../../../../arm-none-eabi/lib/thumb/v6-m\libc.a(lib_a-init.o)
 .text          0x00000000        0x0 c:/program files (x86)/atmel/studio/7.0/toolchain/arm/arm-gnu-toolchain/bin/../lib/gcc/arm-none-eabi/6.3.1/../../../../arm-none-eabi/lib/thumb/v6-m\libc.a(lib_a-memset.o)
 .data          0x00000000        0x0 c:/program files (x86)/atmel/studio/7.0/toolchain/arm/arm-gnu-toolchain/bin/../lib/gcc/arm-none-eabi/6.3.1/../../../../arm-none-eabi/lib/thumb/v6-m\libc.a(lib_a-memset.o)
 .bss           0x00000000        0x0 c:/program files (x86)/atmel/studio/7.0/toolchain/arm/arm-gnu-toolchain/bin/../lib/gcc/arm-none-eabi/6.3.1/../../../../arm-none-eabi/lib/thumb/v6-m\libc.a(lib_a-memset.o)
 .text.memset   0x00000000       0x94 c:/program files (x86)/atmel/studio/7.0/toolchain/arm/arm-gnu-toolchain/bin/../lib/gcc/arm-none-eabi/6.3.1/../../../../arm-none-eabi/lib/thumb/v6-m\libc.a(lib_a-memset.o)
 .debug_frame   0x00000000       0x30 c:/program files (x86)/atmel/studio/7.0/toolchain/arm/arm-gnu-toolchain/bin/../lib/gcc/arm-none-eabi/6.3.1/../../../../arm-none-eabi/lib/thumb/v6-m\libc.a(lib_a-memset.o)
 .ARM.attributes
                0x00000000       0x2c c:/program files (x86)/atmel/studio/7.0/toolchain/arm/arm-gnu-toolchain/bin/../lib/gcc/arm-none-eabi/6.3.1/../../../../arm-none-eabi/lib/thumb/v6-m\libc.a(lib_a-memset.o)
 .text          0x00000000        0x0 c:/program files (x86)/atmel/studio/7.0/toolchain/arm/arm-gnu-toolchain/bin/../lib/gcc/arm-none-eabi/6.3.1/../../../../arm-none-eabi/lib/thumb/v6-m\libc.a(lib_a-__call_atexit.o)
 .data          0x00000000        0x0 c:/program files (x86)/atmel/studio/7.0/toolchain/arm/arm-gnu-toolchain/bin/../lib/gcc/arm-none-eabi/6.3.1/../../../../arm-none-eabi/lib/thumb/v6-m\libc.a(lib_a-__call_atexit.o)
 .bss           0x00000000        0x0 c:/program files (x86)/atmel/studio/7.0/toolchain/arm/arm-gnu-toolchain/bin/../lib/gcc/arm-none-eabi/6.3.1/../../../../arm-none-eabi/lib/thumb/v6-m\libc.a(lib_a-__call_atexit.o)
 .text.__call_exitprocs
                0x00000000      0x110 c:/program files (x86)/atmel/studio/7.0/toolchain/arm/arm-gnu-toolchain/bin/../lib/gcc/arm-none-eabi/6.3.1/../../../../arm-none-eabi/lib/thumb/v6-m\libc.a(lib_a-__call_atexit.o)
 .text          0x00000000        0x0 c:/program files (x86)/atmel/studio/7.0/toolchain/arm/arm-gnu-toolchain/bin/../lib/gcc/arm-none-eabi/6.3.1/../../../../arm-none-eabi/lib/thumb/v6-m\libc.a(lib_a-atexit.o)
 .data          0x00000000        0x0 c:/program files (x86)/atmel/studio/7.0/toolchain/arm/arm-gnu-toolchain/bin/../lib/gcc/arm-none-eabi/6.3.1/../../../../arm-none-eabi/lib/thumb/v6-m\libc.a(lib_a-atexit.o)
 .bss           0x00000000        0x0 c:/program files (x86)/atmel/studio/7.0/toolchain/arm/arm-gnu-toolchain/bin/../lib/gcc/arm-none-eabi/6.3.1/../../../../arm-none-eabi/lib/thumb/v6-m\libc.a(lib_a-atexit.o)
 .text          0x00000000        0x0 c:/program files (x86)/atmel/studio/7.0/toolchain/arm/arm-gnu-toolchain/bin/../lib/gcc/arm-none-eabi/6.3.1/../../../../arm-none-eabi/lib/thumb/v6-m\libc.a(lib_a-fini.o)
 .data          0x00000000        0x0 c:/program files (x86)/atmel/studio/7.0/toolchain/arm/arm-gnu-toolchain/bin/../lib/gcc/arm-none-eabi/6.3.1/../../../../arm-none-eabi/lib/thumb/v6-m\libc.a(lib_a-fini.o)
 .bss           0x00000000        0x0 c:/program files (x86)/atmel/studio/7.0/toolchain/arm/arm-gnu-toolchain/bin/../lib/gcc/arm-none-eabi/6.3.1/../../../../arm-none-eabi/lib/thumb/v6-m\libc.a(lib_a-fini.o)
 .text          0x00000000        0x0 c:/program files (x86)/atmel/studio/7.0/toolchain/arm/arm-gnu-toolchain/bin/../lib/gcc/arm-none-eabi/6.3.1/../../../../arm-none-eabi/lib/thumb/v6-m\libc.a(lib_a-lock.o)
 .data          0x00000000        0x0 c:/program files (x86)/atmel/studio/7.0/toolchain/arm/arm-gnu-toolchain/bin/../lib/gcc/arm-none-eabi/6.3.1/../../../../arm-none-eabi/lib/thumb/v6-m\libc.a(lib_a-lock.o)
 .bss           0x00000000        0x0 c:/program files (x86)/atmel/studio/7.0/toolchain/arm/arm-gnu-toolchain/bin/../lib/gcc/arm-none-eabi/6.3.1/../../../../arm-none-eabi/lib/thumb/v6-m\libc.a(lib_a-lock.o)
 .text.__retarget_lock_init
                0x00000000        0x4 c:/program files (x86)/atmel/studio/7.0/toolchain/arm/arm-gnu-toolchain/bin/../lib/gcc/arm-none-eabi/6.3.1/../../../../arm-none-eabi/lib/thumb/v6-m\libc.a(lib_a-lock.o)
 .text.__retarget_lock_init_recursive
                0x00000000        0x4 c:/program files (x86)/atmel/studio/7.0/toolchain/arm/arm-gnu-toolchain/bin/../lib/gcc/arm-none-eabi/6.3.1/../../../../arm-none-eabi/lib/thumb/v6-m\libc.a(lib_a-lock.o)
 .text.__retarget_lock_close
                0x00000000        0x4 c:/program files (x86)/atmel/studio/7.0/toolchain/arm/arm-gnu-toolchain/bin/../lib/gcc/arm-none-eabi/6.3.1/../../../../arm-none-eabi/lib/thumb/v6-m\libc.a(lib_a-lock.o)
 .text.__retarget_lock_close_recursive
                0x00000000        0x4 c:/program files (x86)/atmel/studio/7.0/toolchain/arm/arm-gnu-toolchain/bin/../lib/gcc/arm-none-eabi/6.3.1/../../../../arm-none-eabi/lib/thumb/v6-m\libc.a(lib_a-lock.o)
 .text.__retarget_lock_acquire
                0x00000000        0x4 c:/program files (x86)/atmel/studio/7.0/toolchain/arm/arm-gnu-toolchain/bin/../lib/gcc/arm-none-eabi/6.3.1/../../../../arm-none-eabi/lib/thumb/v6-m\libc.a(lib_a-lock.o)
 .text.__retarget_lock_try_acquire
                0x00000000        0x4 c:/program files (x86)/atmel/studio/7.0/toolchain/arm/arm-gnu-toolchain/bin/../lib/gcc/arm-none-eabi/6.3.1/../../../../arm-none-eabi/lib/thumb/v6-m\libc.a(lib_a-lock.o)
 .text.__retarget_lock_try_acquire_recursive
                0x00000000        0x4 c:/program files (x86)/atmel/studio/7.0/toolchain/arm/arm-gnu-toolchain/bin/../lib/gcc/arm-none-eabi/6.3.1/../../../../arm-none-eabi/lib/thumb/v6-m\libc.a(lib_a-lock.o)
 .text.__retarget_lock_release
                0x00000000        0x4 c:/program files (x86)/atmel/studio/7.0/toolchain/arm/arm-gnu-toolchain/bin/../lib/gcc/arm-none-eabi/6.3.1/../../../../arm-none-eabi/lib/thumb/v6-m\libc.a(lib_a-lock.o)
 .text          0x00000000        0x0 c:/program files (x86)/atmel/studio/7.0/toolchain/arm/arm-gnu-toolchain/bin/../lib/gcc/arm-none-eabi/6.3.1/../../../../arm-none-eabi/lib/thumb/v6-m\libc.a(lib_a-__atexit.o)
 .data          0x00000000        0x0 c:/program files (x86)/atmel/studio/7.0/toolchain/arm/arm-gnu-toolchain/bin/../lib/gcc/arm-none-eabi/6.3.1/../../../../arm-none-eabi/lib/thumb/v6-m\libc.a(lib_a-__atexit.o)
 .bss           0x00000000        0x0 c:/program files (x86)/atmel/studio/7.0/toolchain/arm/arm-gnu-toolchain/bin/../lib/gcc/arm-none-eabi/6.3.1/../../../../arm-none-eabi/lib/thumb/v6-m\libc.a(lib_a-__atexit.o)
 .text          0x00000000        0x0 c:/program files (x86)/atmel/studio/7.0/toolchain/arm/arm-gnu-toolchain/bin/../lib/gcc/arm-none-eabi/6.3.1/thumb/v6-m/crtend.o
 .data          0x00000000        0x0 c:/program files (x86)/atmel/studio/7.0/toolchain/arm/arm-gnu-toolchain/bin/../lib/gcc/arm-none-eabi/6.3.1/thumb/v6-m/crtend.o
 .bss           0x00000000        0x0 c:/program files (x86)/atmel/studio/7.0/toolchain/arm/arm-gnu-toolchain/bin/../lib/gcc/arm-none-eabi/6.3.1/thumb/v6-m/crtend.o
 .eh_frame      0x00000000        0x4 c:/program files (x86)/atmel/studio/7.0/toolchain/arm/arm-gnu-toolchain/bin/../lib/gcc/arm-none-eabi/6.3.1/thumb/v6-m/crtend.o
 .jcr           0x00000000        0x4 c:/program files (x86)/atmel/studio/7.0/toolchain/arm/arm-gnu-toolchain/bin/../lib/gcc/arm-none-eabi/6.3.1/thumb/v6-m/crtend.o
 .ARM.attributes
                0x00000000       0x2c c:/program files (x86)/atmel/studio/7.0/toolchain/arm/arm-gnu-toolchain/bin/../lib/gcc/arm-none-eabi/6.3.1/thumb/v6-m/crtend.o
 .text          0x00000000        0x0 c:/program files (x86)/atmel/studio/7.0/toolchain/arm/arm-gnu-toolchain/bin/../lib/gcc/arm-none-eabi/6.3.1/thumb/v6-m/crtn.o
 .data          0x00000000        0x0 c:/program files (x86)/atmel/studio/7.0/toolchain/arm/arm-gnu-toolchain/bin/../lib/gcc/arm-none-eabi/6.3.1/thumb/v6-m/crtn.o
 .bss           0x00000000        0x0 c:/program files (x86)/atmel/studio/7.0/toolchain/arm/arm-gnu-toolchain/bin/../lib/gcc/arm-none-eabi/6.3.1/thumb/v6-m/crtn.o

Memory Configuration

Name             Origin             Length             Attributes
rom              0x00000000         0x00040000         xr
ram              0x20000000         0x00008000         xrw
*default*        0x00000000         0xffffffff

Linker script and memory map

LOAD c:/program files (x86)/atmel/studio/7.0/toolchain/arm/arm-gnu-toolchain/bin/../lib/gcc/arm-none-eabi/6.3.1/thumb/v6-m/crti.o
LOAD c:/program files (x86)/atmel/studio/7.0/toolchain/arm/arm-gnu-toolchain/bin/../lib/gcc/arm-none-eabi/6.3.1/thumb/v6-m/crtbegin.o
LOAD c:/program files (x86)/atmel/studio/7.0/toolchain/arm/arm-gnu-toolchain/bin/../lib/gcc/arm-none-eabi/6.3.1/../../../../arm-none-eabi/lib/thumb/v6-m/crt0.o
LOAD Device_Startup/startup_samd21.o
LOAD Device_Startup/system_samd21.o
LOAD gpio.o
LOAD main.o
LOAD spi_master.o
LOAD tmr.o
START GROUP
LOAD c:/program files (x86)/atmel/studio/7.0/toolchain/arm/arm-gnu-toolchain/bin/../lib/gcc/arm-none-eabi/6.3.1/../../../../arm-none-eabi/lib/thumb/v6-m\libm.a
END GROUP
START GROUP
LOAD c:/program files (x86)/atmel/studio/7.0/toolchain/arm/arm-gnu-toolchain/bin/../lib/gcc/arm-none-eabi/6.3.1/thumb/v6-m\libgcc.a
LOAD c:/program files (x86)/atmel/studio/7.0/toolchain/arm/arm-gnu-toolchain/bin/../lib/gcc/arm-none-eabi/6.3.1/../../../../arm-none-eabi/lib/thumb/v6-m\libc.a
END GROUP
LOAD c:/program files (x86)/atmel/studio/7.0/toolchain/arm/arm-gnu-toolchain/bin/../lib/gcc/arm-none-eabi/6.3.1/thumb/v6-m/crtend.o
LOAD c:/program files (x86)/atmel/studio/7.0/toolchain/arm/arm-gnu-toolchain/bin/../lib/gcc/arm-none-eabi/6.3.1/thumb/v6-m/crtn.o
                0x00002000                STACK_SIZE = DEFINED (STACK_SIZE)?STACK_SIZE:DEFINED (__stack_size__)?__stack_size__:0x2000

.text           0x00000000      0x770
                0x00000000                . = ALIGN (0x4)
                0x00000000                _sfixed = .
 *(.vectors .vectors.*)
 .vectors       0x00000000       0xb4 Device_Startup/startup_samd21.o
                0x00000000                exception_table
 *(.text .text.* .gnu.linkonce.t.*)
 .text          0x000000b4       0x60 c:/program files (x86)/atmel/studio/7.0/toolchain/arm/arm-gnu-toolchain/bin/../lib/gcc/arm-none-eabi/6.3.1/thumb/v6-m/crtbegin.o
 .text.Reset_Handler
                0x00000114       0xf8 Device_Startup/startup_samd21.o
                0x00000114                Reset_Handler
 .text.Dummy_Handler
                0x0000020c        0x6 Device_Startup/startup_samd21.o
                0x0000020c                SVCall_Handler
                0x0000020c                DMAC_Handler
                0x0000020c                HardFault_Handler
                0x0000020c                AC_Handler
                0x0000020c                SysTick_Handler
                0x0000020c                PendSV_Handler
                0x0000020c                TC7_Handler
                0x0000020c                SERCOM1_Handler
                0x0000020c                ADC_Handler
                0x0000020c                NonMaskableInt_Handler
                0x0000020c                TCC1_Handler
                0x0000020c                SERCOM2_Handler
                0x0000020c                TCC0_Handler
                0x0000020c                RTC_Handler
                0x0000020c                EIC_Handler
                0x0000020c                TC6_Handler
                0x0000020c                WDT_Handler
                0x0000020c                TC4_Handler
                0x0000020c                USB_Handler
                0x0000020c                Dummy_Handler
                0x0000020c                PM_Handler
                0x0000020c                SERCOM5_Handler
                0x0000020c                TCC2_Handler
                0x0000020c                EVSYS_Handler
                0x0000020c                SERCOM3_Handler
                0x0000020c                SERCOM4_Handler
                0x0000020c                I2S_Handler
                0x0000020c                NVMCTRL_Handler
                0x0000020c                SERCOM0_Handler
                0x0000020c                DAC_Handler
                0x0000020c                PTC_Handler
                0x0000020c                TC5_Handler
                0x0000020c                SYSCTRL_Handler
 *fill*         0x00000212        0x2 
 .text.SystemInit
                0x00000214       0x2c Device_Startup/system_samd21.o
                0x00000214                SystemInit
 .text.GPIO_Init
                0x00000240       0x34 gpio.o
                0x00000240                GPIO_Init
 .text.main     0x00000274      0x128 main.o
                0x00000274                main
 .text.SPI_init
                0x0000039c       0xfc spi_master.o
                0x0000039c                SPI_init
 .text.spiSend  0x00000498       0x48 spi_master.o
                0x00000498                spiSend
 .text.__NVIC_EnableIRQ
                0x000004e0       0x34 tmr.o
 .text.TC3_Handler
                0x00000514       0x24 tmr.o
                0x00000514                TC3_Handler
 .text.TMR_Init
                0x00000538       0x70 tmr.o
                0x00000538                TMR_Init
 .text.__libc_init_array
                0x000005a8       0x48 c:/program files (x86)/atmel/studio/7.0/toolchain/arm/arm-gnu-toolchain/bin/../lib/gcc/arm-none-eabi/6.3.1/../../../../arm-none-eabi/lib/thumb/v6-m\libc.a(lib_a-init.o)
                0x000005a8                __libc_init_array
 .text.startup.register_fini
                0x000005f0       0x18 c:/program files (x86)/atmel/studio/7.0/toolchain/arm/arm-gnu-toolchain/bin/../lib/gcc/arm-none-eabi/6.3.1/../../../../arm-none-eabi/lib/thumb/v6-m\libc.a(lib_a-__call_atexit.o)
 .text.atexit   0x00000608       0x10 c:/program files (x86)/atmel/studio/7.0/toolchain/arm/arm-gnu-toolchain/bin/../lib/gcc/arm-none-eabi/6.3.1/../../../../arm-none-eabi/lib/thumb/v6-m\libc.a(lib_a-atexit.o)
                0x00000608                atexit
 .text.__libc_fini_array
                0x00000618       0x34 c:/program files (x86)/atmel/studio/7.0/toolchain/arm/arm-gnu-toolchain/bin/../lib/gcc/arm-none-eabi/6.3.1/../../../../arm-none-eabi/lib/thumb/v6-m\libc.a(lib_a-fini.o)
                0x00000618                __libc_fini_array
 .text.__retarget_lock_acquire_recursive
                0x0000064c        0x4 c:/program files (x86)/atmel/studio/7.0/toolchain/arm/arm-gnu-toolchain/bin/../lib/gcc/arm-none-eabi/6.3.1/../../../../arm-none-eabi/lib/thumb/v6-m\libc.a(lib_a-lock.o)
                0x0000064c                __retarget_lock_acquire_recursive
 .text.__retarget_lock_release_recursive
                0x00000650        0x4 c:/program files (x86)/atmel/studio/7.0/toolchain/arm/arm-gnu-toolchain/bin/../lib/gcc/arm-none-eabi/6.3.1/../../../../arm-none-eabi/lib/thumb/v6-m\libc.a(lib_a-lock.o)
                0x00000650                __retarget_lock_release_recursive
 .text.__register_exitproc
                0x00000654       0xf4 c:/program files (x86)/atmel/studio/7.0/toolchain/arm/arm-gnu-toolchain/bin/../lib/gcc/arm-none-eabi/6.3.1/../../../../arm-none-eabi/lib/thumb/v6-m\libc.a(lib_a-__atexit.o)
                0x00000654                __register_exitproc
 *(.glue_7t)
 .glue_7t       0x00000748        0x0 linker stubs
 *(.glue_7)
 .glue_7        0x00000748        0x0 linker stubs
 *(.rodata .rodata* .gnu.linkonce.r.*)
 .rodata._global_impure_ptr
                0x00000748        0x4 c:/program files (x86)/atmel/studio/7.0/toolchain/arm/arm-gnu-toolchain/bin/../lib/gcc/arm-none-eabi/6.3.1/../../../../arm-none-eabi/lib/thumb/v6-m\libc.a(lib_a-impure.o)
                0x00000748                _global_impure_ptr
 *(.ARM.extab* .gnu.linkonce.armextab.*)
                0x0000074c                . = ALIGN (0x4)
 *(.init)
 .init          0x0000074c        0x4 c:/program files (x86)/atmel/studio/7.0/toolchain/arm/arm-gnu-toolchain/bin/../lib/gcc/arm-none-eabi/6.3.1/thumb/v6-m/crti.o
                0x0000074c                _init
 .init          0x00000750        0x8 c:/program files (x86)/atmel/studio/7.0/toolchain/arm/arm-gnu-toolchain/bin/../lib/gcc/arm-none-eabi/6.3.1/thumb/v6-m/crtn.o
                0x00000758                . = ALIGN (0x4)
                0x00000758                __preinit_array_start = .
 *(.preinit_array)
                0x00000758                __preinit_array_end = .
                0x00000758                . = ALIGN (0x4)
                0x00000758                __init_array_start = .
 *(SORT(.init_array.*))
 .init_array.00000
                0x00000758        0x4 c:/program files (x86)/atmel/studio/7.0/toolchain/arm/arm-gnu-toolchain/bin/../lib/gcc/arm-none-eabi/6.3.1/../../../../arm-none-eabi/lib/thumb/v6-m\libc.a(lib_a-__call_atexit.o)
 *(.init_array)
 .init_array    0x0000075c        0x4 c:/program files (x86)/atmel/studio/7.0/toolchain/arm/arm-gnu-toolchain/bin/../lib/gcc/arm-none-eabi/6.3.1/thumb/v6-m/crtbegin.o
                0x00000760                __init_array_end = .
                0x00000760                . = ALIGN (0x4)
 *crtbegin.o(.ctors)
 *(EXCLUDE_FILE(*crtend.o) .ctors)
 *(SORT(.ctors.*))
 *crtend.o(.ctors)
                0x00000760                . = ALIGN (0x4)
 *(.fini)
 .fini          0x00000760        0x4 c:/program files (x86)/atmel/studio/7.0/toolchain/arm/arm-gnu-toolchain/bin/../lib/gcc/arm-none-eabi/6.3.1/thumb/v6-m/crti.o
                0x00000760                _fini
 .fini          0x00000764        0x8 c:/program files (x86)/atmel/studio/7.0/toolchain/arm/arm-gnu-toolchain/bin/../lib/gcc/arm-none-eabi/6.3.1/thumb/v6-m/crtn.o
                0x0000076c                . = ALIGN (0x4)
                0x0000076c                __fini_array_start = .
 *(.fini_array)
 .fini_array    0x0000076c        0x4 c:/program files (x86)/atmel/studio/7.0/toolchain/arm/arm-gnu-toolchain/bin/../lib/gcc/arm-none-eabi/6.3.1/thumb/v6-m/crtbegin.o
 *(SORT(.fini_array.*))
                0x00000770                __fini_array_end = .
 *crtbegin.o(.dtors)
 *(EXCLUDE_FILE(*crtend.o) .dtors)
 *(SORT(.dtors.*))
 *crtend.o(.dtors)
                0x00000770                . = ALIGN (0x4)
                0x00000770                _efixed = .
                [!provide]                PROVIDE (__exidx_start, .)

.vfp11_veneer   0x00000770        0x0
 .vfp11_veneer  0x00000770        0x0 linker stubs

.v4_bx          0x00000770        0x0
 .v4_bx         0x00000770        0x0 linker stubs

.iplt           0x00000770        0x0
 .iplt          0x00000770        0x0 c:/program files (x86)/atmel/studio/7.0/toolchain/arm/arm-gnu-toolchain/bin/../lib/gcc/arm-none-eabi/6.3.1/thumb/v6-m/crtbegin.o

.eh_frame       0x00000770        0x0
 .eh_frame      0x00000770        0x0 c:/program files (x86)/atmel/studio/7.0/toolchain/arm/arm-gnu-toolchain/bin/../lib/gcc/arm-none-eabi/6.3.1/thumb/v6-m/crtbegin.o

.rel.dyn        0x00000770        0x0
 .rel.iplt      0x00000770        0x0 c:/program files (x86)/atmel/studio/7.0/toolchain/arm/arm-gnu-toolchain/bin/../lib/gcc/arm-none-eabi/6.3.1/thumb/v6-m/crtbegin.o

.jcr            0x00000770        0x0
 .jcr           0x00000770        0x0 c:/program files (x86)/atmel/studio/7.0/toolchain/arm/arm-gnu-toolchain/bin/../lib/gcc/arm-none-eabi/6.3.1/thumb/v6-m/crtbegin.o

.igot.plt       0x00000770        0x0
 .igot.plt      0x00000770        0x0 c:/program files (x86)/atmel/studio/7.0/toolchain/arm/arm-gnu-toolchain/bin/../lib/gcc/arm-none-eabi/6.3.1/thumb/v6-m/crtbegin.o

.ARM.exidx
 *(.ARM.exidx* .gnu.linkonce.armexidx.*)
                [!provide]                PROVIDE (__exidx_end, .)
                0x00000770                . = ALIGN (0x4)
                0x00000770                _etext = .

.relocate       0x20000000      0x434 load address 0x00000770
                0x20000000                . = ALIGN (0x4)
                0x20000000                _srelocate = .
 *(.ramfunc .ramfunc.*)
 *(.data .data.*)
 .data          0x20000000        0x4 Device_Startup/system_samd21.o
                0x20000000                SystemCoreClock
 *fill*         0x20000004        0x4 
 .data.impure_data
                0x20000008      0x428 c:/program files (x86)/atmel/studio/7.0/toolchain/arm/arm-gnu-toolchain/bin/../lib/gcc/arm-none-eabi/6.3.1/../../../../arm-none-eabi/lib/thumb/v6-m\libc.a(lib_a-impure.o)
 .data.__atexit_recursive_mutex
                0x20000430        0x4 c:/program files (x86)/atmel/studio/7.0/toolchain/arm/arm-gnu-toolchain/bin/../lib/gcc/arm-none-eabi/6.3.1/../../../../arm-none-eabi/lib/thumb/v6-m\libc.a(lib_a-__call_atexit.o)
                0x20000430                __atexit_recursive_mutex
                0x20000434                . = ALIGN (0x4)
                0x20000434                _erelocate = .

.bss            0x20000434       0x48 load address 0x00000ba4
                0x20000434                . = ALIGN (0x4)
                0x20000434                _sbss = .
                0x20000434                _szero = .
 *(.bss .bss.*)
 .bss           0x20000434       0x1c c:/program files (x86)/atmel/studio/7.0/toolchain/arm/arm-gnu-toolchain/bin/../lib/gcc/arm-none-eabi/6.3.1/thumb/v6-m/crtbegin.o
 .bss           0x20000450        0x4 tmr.o
                0x20000450                GlobalTick
 *(COMMON)
 COMMON         0x20000454        0x2 main.o
                0x20000454                EE_Write_data
                0x20000455                EE_Read_data
 *fill*         0x20000456        0x2 
 COMMON         0x20000458       0x21 c:/program files (x86)/atmel/studio/7.0/toolchain/arm/arm-gnu-toolchain/bin/../lib/gcc/arm-none-eabi/6.3.1/../../../../arm-none-eabi/lib/thumb/v6-m\libc.a(lib_a-lock.o)
                0x20000458                __lock___atexit_recursive_mutex
                0x2000045c                __lock___arc4random_mutex
                0x20000460                __lock___env_recursive_mutex
                0x20000464                __lock___sinit_recursive_mutex
                0x20000468                __lock___malloc_recursive_mutex
                0x2000046c                __lock___at_quick_exit_mutex
                0x20000470                __lock___dd_hash_mutex
                0x20000474                __lock___tz_mutex
                0x20000478                __lock___sfp_recursive_mutex
                0x2000047c                . = ALIGN (0x4)
 *fill*         0x20000479        0x3 
                0x2000047c                _ebss = .
                0x2000047c                _ezero = .

.stack          0x2000047c     0x2004 load address 0x00000bec
                0x20000480                . = ALIGN (0x8)
 *fill*         0x2000047c        0x4 
                0x20000480                _sstack = .
                0x20002480                . = (. + STACK_SIZE)
 *fill*         0x20000480     0x2000 
                0x20002480                . = ALIGN (0x8)
                0x20002480                _estack = .
                0x20002480                . = ALIGN (0x4)
                0x20002480                _end = .
OUTPUT(spi-master-demo.elf elf32-littlearm)

.ARM.attributes
                0x00000000       0x28
 .ARM.attributes
                0x00000000       0x1e c:/program files (x86)/atmel/studio/7.0/toolchain/arm/arm-gnu-toolchain/bin/../lib/gcc/arm-none-eabi/6.3.1/thumb/v6-m/crti.o
 .ARM.attributes
                0x0000001e       0x2c c:/program files (x86)/atmel/studio/7.0/toolchain/arm/arm-gnu-toolchain/bin/../lib/gcc/arm-none-eabi/6.3.1/thumb/v6-m/crtbegin.o
 .ARM.attributes
                0x0000004a       0x32 Device_Startup/startup_samd21.o
 .ARM.attributes
                0x0000007c       0x32 Device_Startup/system_samd21.o
 .ARM.attributes
                0x000000ae       0x32 gpio.o
 .ARM.attributes
                0x000000e0       0x32 main.o
 .ARM.attributes
                0x00000112       0x32 spi_master.o
 .ARM.attributes
                0x00000144       0x32 tmr.o
 .ARM.attributes
                0x00000176       0x2c c:/program files (x86)/atmel/studio/7.0/toolchain/arm/arm-gnu-toolchain/bin/../lib/gcc/arm-none-eabi/6.3.1/../../../../arm-none-eabi/lib/thumb/v6-m\libc.a(lib_a-impure.o)
 .ARM.attributes
                0x000001a2       0x2c c:/program files (x86)/atmel/studio/7.0/toolchain/arm/arm-gnu-toolchain/bin/../lib/gcc/arm-none-eabi/6.3.1/../../../../arm-none-eabi/lib/thumb/v6-m\libc.a(lib_a-init.o)
 .ARM.attributes
                0x000001ce       0x2c c:/program files (x86)/atmel/studio/7.0/toolchain/arm/arm-gnu-toolchain/bin/../lib/gcc/arm-none-eabi/6.3.1/../../../../arm-none-eabi/lib/thumb/v6-m\libc.a(lib_a-__call_atexit.o)
 .ARM.attributes
                0x000001fa       0x2c c:/program files (x86)/atmel/studio/7.0/toolchain/arm/arm-gnu-toolchain/bin/../lib/gcc/arm-none-eabi/6.3.1/../../../../arm-none-eabi/lib/thumb/v6-m\libc.a(lib_a-atexit.o)
 .ARM.attributes
                0x00000226       0x2c c:/program files (x86)/atmel/studio/7.0/toolchain/arm/arm-gnu-toolchain/bin/../lib/gcc/arm-none-eabi/6.3.1/../../../../arm-none-eabi/lib/thumb/v6-m\libc.a(lib_a-fini.o)
 .ARM.attributes
                0x00000252       0x2c c:/program files (x86)/atmel/studio/7.0/toolchain/arm/arm-gnu-toolchain/bin/../lib/gcc/arm-none-eabi/6.3.1/../../../../arm-none-eabi/lib/thumb/v6-m\libc.a(lib_a-lock.o)
 .ARM.attributes
                0x0000027e       0x2c c:/program files (x86)/atmel/studio/7.0/toolchain/arm/arm-gnu-toolchain/bin/../lib/gcc/arm-none-eabi/6.3.1/../../../../arm-none-eabi/lib/thumb/v6-m\libc.a(lib_a-__atexit.o)
 .ARM.attributes
                0x000002aa       0x1e c:/program files (x86)/atmel/studio/7.0/toolchain/arm/arm-gnu-toolchain/bin/../lib/gcc/arm-none-eabi/6.3.1/thumb/v6-m/crtn.o

.comment        0x00000000       0x59
 .comment       0x00000000       0x59 Device_Startup/startup_samd21.o
                                 0x5a (size before relaxing)
 .comment       0x00000059       0x5a Device_Startup/system_samd21.o
 .comment       0x00000059       0x5a gpio.o
 .comment       0x00000059       0x5a main.o
 .comment       0x00000059       0x5a spi_master.o
 .comment       0x00000059       0x5a tmr.o

.debug_info     0x00000000     0xa539
 .debug_info    0x00000000     0x3a2b Device_Startup/startup_samd21.o
 .debug_info    0x00003a2b     0x1187 Device_Startup/system_samd21.o
 .debug_info    0x00004bb2      0x6fe gpio.o
 .debug_info    0x000052b0      0x7fc main.o
 .debug_info    0x00005aac     0x2f78 spi_master.o
 .debug_info    0x00008a24     0x1b15 tmr.o

.debug_abbrev   0x00000000      0x9dd
 .debug_abbrev  0x00000000      0x227 Device_Startup/startup_samd21.o
 .debug_abbrev  0x00000227      0x13b Device_Startup/system_samd21.o
 .debug_abbrev  0x00000362      0x14a gpio.o
 .debug_abbrev  0x000004ac      0x18b main.o
 .debug_abbrev  0x00000637      0x1b3 spi_master.o
 .debug_abbrev  0x000007ea      0x1f3 tmr.o

.debug_loc      0x00000000      0x220
 .debug_loc     0x00000000       0x64 Device_Startup/startup_samd21.o
 .debug_loc     0x00000064       0x58 Device_Startup/system_samd21.o
 .debug_loc     0x000000bc       0x2c gpio.o
 .debug_loc     0x000000e8       0x38 main.o
 .debug_loc     0x00000120       0x70 spi_master.o
 .debug_loc     0x00000190       0x90 tmr.o

.debug_aranges  0x00000000       0xe8
 .debug_aranges
                0x00000000       0x28 Device_Startup/startup_samd21.o
 .debug_aranges
                0x00000028       0x28 Device_Startup/system_samd21.o
 .debug_aranges
                0x00000050       0x20 gpio.o
 .debug_aranges
                0x00000070       0x20 main.o
 .debug_aranges
                0x00000090       0x28 spi_master.o
 .debug_aranges
                0x000000b8       0x30 tmr.o

.debug_ranges   0x00000000       0x88
 .debug_ranges  0x00000000       0x18 Device_Startup/startup_samd21.o
 .debug_ranges  0x00000018       0x18 Device_Startup/system_samd21.o
 .debug_ranges  0x00000030       0x10 gpio.o
 .debug_ranges  0x00000040       0x10 main.o
 .debug_ranges  0x00000050       0x18 spi_master.o
 .debug_ranges  0x00000068       0x20 tmr.o

.debug_macro    0x00000000    0x12373
 .debug_macro   0x00000000      0x301 Device_Startup/startup_samd21.o
 .debug_macro   0x00000301      0x89e Device_Startup/startup_samd21.o
 .debug_macro   0x00000b9f       0x22 Device_Startup/startup_samd21.o
 .debug_macro   0x00000bc1       0x87 Device_Startup/startup_samd21.o
 .debug_macro   0x00000c48       0x51 Device_Startup/startup_samd21.o
 .debug_macro   0x00000c99       0xef Device_Startup/startup_samd21.o
 .debug_macro   0x00000d88       0x6a Device_Startup/startup_samd21.o
 .debug_macro   0x00000df2      0x1df Device_Startup/startup_samd21.o
 .debug_macro   0x00000fd1       0x39 Device_Startup/startup_samd21.o
 .debug_macro   0x0000100a       0x28 Device_Startup/startup_samd21.o
 .debug_macro   0x00001032       0x85 Device_Startup/startup_samd21.o
 .debug_macro   0x000010b7      0x375 Device_Startup/startup_samd21.o
 .debug_macro   0x0000142c      0x67e Device_Startup/startup_samd21.o
 .debug_macro   0x00001aaa      0x8b1 Device_Startup/startup_samd21.o
 .debug_macro   0x0000235b      0x22e Device_Startup/startup_samd21.o
 .debug_macro   0x00002589      0xd5c Device_Startup/startup_samd21.o
 .debug_macro   0x000032e5      0x4dc Device_Startup/startup_samd21.o
 .debug_macro   0x000037c1      0x9f6 Device_Startup/startup_samd21.o
 .debug_macro   0x000041b7      0x82b Device_Startup/startup_samd21.o
 .debug_macro   0x000049e2      0x45f Device_Startup/startup_samd21.o
 .debug_macro   0x00004e41       0x5e Device_Startup/startup_samd21.o
 .debug_macro   0x00004e9f      0x8f9 Device_Startup/startup_samd21.o
 .debug_macro   0x00005798      0x21c Device_Startup/startup_samd21.o
 .debug_macro   0x000059b4      0x735 Device_Startup/startup_samd21.o
 .debug_macro   0x000060e9       0x5e Device_Startup/startup_samd21.o
 .debug_macro   0x00006147      0x632 Device_Startup/startup_samd21.o
 .debug_macro   0x00006779      0x3ac Device_Startup/startup_samd21.o
 .debug_macro   0x00006b25      0xc76 Device_Startup/startup_samd21.o
 .debug_macro   0x0000779b     0x1092 Device_Startup/startup_samd21.o
 .debug_macro   0x0000882d      0xc4a Device_Startup/startup_samd21.o
 .debug_macro   0x00009477      0x6ba Device_Startup/startup_samd21.o
 .debug_macro   0x00009b31     0x1b3d Device_Startup/startup_samd21.o
 .debug_macro   0x0000b66e     0x143c Device_Startup/startup_samd21.o
 .debug_macro   0x0000caaa      0x340 Device_Startup/startup_samd21.o
 .debug_macro   0x0000cdea       0x7c Device_Startup/startup_samd21.o
 .debug_macro   0x0000ce66       0xa0 Device_Startup/startup_samd21.o
 .debug_macro   0x0000cf06       0x4c Device_Startup/startup_samd21.o
 .debug_macro   0x0000cf52       0xca Device_Startup/startup_samd21.o
 .debug_macro   0x0000d01c       0x94 Device_Startup/startup_samd21.o
 .debug_macro   0x0000d0b0       0x58 Device_Startup/startup_samd21.o
 .debug_macro   0x0000d108      0x341 Device_Startup/startup_samd21.o
 .debug_macro   0x0000d449       0x82 Device_Startup/startup_samd21.o
 .debug_macro   0x0000d4cb      0x189 Device_Startup/startup_samd21.o
 .debug_macro   0x0000d654       0xb8 Device_Startup/startup_samd21.o
 .debug_macro   0x0000d70c       0xa0 Device_Startup/startup_samd21.o
 .debug_macro   0x0000d7ac       0xb2 Device_Startup/startup_samd21.o
 .debug_macro   0x0000d85e       0x1c Device_Startup/startup_samd21.o
 .debug_macro   0x0000d87a       0x1c Device_Startup/startup_samd21.o
 .debug_macro   0x0000d896       0x1c Device_Startup/startup_samd21.o
 .debug_macro   0x0000d8b2       0x7c Device_Startup/startup_samd21.o
 .debug_macro   0x0000d92e      0x15a Device_Startup/startup_samd21.o
 .debug_macro   0x0000da88       0x10 Device_Startup/startup_samd21.o
 .debug_macro   0x0000da98       0xdc Device_Startup/startup_samd21.o
 .debug_macro   0x0000db74      0x124 Device_Startup/startup_samd21.o
 .debug_macro   0x0000dc98      0x124 Device_Startup/startup_samd21.o
 .debug_macro   0x0000ddbc      0x124 Device_Startup/startup_samd21.o
 .debug_macro   0x0000dee0      0x124 Device_Startup/startup_samd21.o
 .debug_macro   0x0000e004      0x124 Device_Startup/startup_samd21.o
 .debug_macro   0x0000e128      0x124 Device_Startup/startup_samd21.o
 .debug_macro   0x0000e24c      0x124 Device_Startup/startup_samd21.o
 .debug_macro   0x0000e370       0xe2 Device_Startup/startup_samd21.o
 .debug_macro   0x0000e452       0xe2 Device_Startup/startup_samd21.o
 .debug_macro   0x0000e534       0xe2 Device_Startup/startup_samd21.o
 .debug_macro   0x0000e616       0xe2 Device_Startup/startup_samd21.o
 .debug_macro   0x0000e6f8       0xe2 Device_Startup/startup_samd21.o
 .debug_macro   0x0000e7da      0x12a Device_Startup/startup_samd21.o
 .debug_macro   0x0000e904      0x100 Device_Startup/startup_samd21.o
 .debug_macro   0x0000ea04       0xf4 Device_Startup/startup_samd21.o
 .debug_macro   0x0000eaf8      0x40f Device_Startup/startup_samd21.o
 .debug_macro   0x0000ef07       0x40 Device_Startup/startup_samd21.o
 .debug_macro   0x0000ef47      0x392 Device_Startup/startup_samd21.o
 .debug_macro   0x0000f2d9     0x1fb0 Device_Startup/startup_samd21.o
 .debug_macro   0x00011289       0x6d Device_Startup/startup_samd21.o
 .debug_macro   0x000112f6      0x307 Device_Startup/system_samd21.o
 .debug_macro   0x000115fd      0x310 gpio.o
 .debug_macro   0x0001190d       0x58 gpio.o
 .debug_macro   0x00011965      0x31c main.o
 .debug_macro   0x00011c81       0x5e main.o
 .debug_macro   0x00011cdf       0x2e main.o
 .debug_macro   0x00011d0d       0x40 main.o
 .debug_macro   0x00011d4d      0x313 spi_master.o
 .debug_macro   0x00012060      0x313 tmr.o

.debug_line     0x00000000     0x29b7
 .debug_line    0x00000000      0x6fd Device_Startup/startup_samd21.o
 .debug_line    0x000006fd      0x6df Device_Startup/system_samd21.o
 .debug_line    0x00000ddc      0x6bf gpio.o
 .debug_line    0x0000149b      0x6f1 main.o
 .debug_line    0x00001b8c      0x736 spi_master.o
 .debug_line    0x000022c2      0x6f5 tmr.o

.debug_str      0x00000000    0x725d6
 .debug_str     0x00000000    0x70f55 Device_Startup/startup_samd21.o
                              0x7137c (size before relaxing)
 .debug_str     0x00070f55      0x402 Device_Startup/system_samd21.o
                              0x70664 (size before relaxing)
 .debug_str     0x00071357      0x3a0 gpio.o
                              0x7057a (size before relaxing)
 .debug_str     0x000716f7      0x229 main.o
                              0x707a7 (size before relaxing)
 .debug_str     0x00071920      0x8bc spi_master.o
                              0x71028 (size before relaxing)
 .debug_str     0x000721dc      0x3fa tmr.o
                              0x70c60 (size before relaxing)

.debug_frame    0x00000000      0x368
 .debug_frame   0x00000000       0x4c Device_Startup/startup_samd21.o
 .debug_frame   0x0000004c       0x48 Device_Startup/system_samd21.o
 .debug_frame   0x00000094       0x2c gpio.o
 .debug_frame   0x000000c0       0x30 main.o
 .debug_frame   0x000000f0       0x50 spi_master.o
 .debug_frame   0x00000140       0x68 tmr.o
 .debug_frame   0x000001a8       0x2c c:/program files (x86)/atmel/studio/7.0/toolchain/arm/arm-gnu-toolchain/bin/../lib/gcc/arm-none-eabi/6.3.1/../../../../arm-none-eabi/lib/thumb/v6-m\libc.a(lib_a-init.o)
 .debug_frame   0x000001d4       0x54 c:/program files (x86)/atmel/studio/7.0/toolchain/arm/arm-gnu-toolchain/bin/../lib/gcc/arm-none-eabi/6.3.1/../../../../arm-none-eabi/lib/thumb/v6-m\libc.a(lib_a-__call_atexit.o)
 .debug_frame   0x00000228       0x28 c:/program files (x86)/atmel/studio/7.0/toolchain/arm/arm-gnu-toolchain/bin/../lib/gcc/arm-none-eabi/6.3.1/../../../../arm-none-eabi/lib/thumb/v6-m\libc.a(lib_a-atexit.o)
 .debug_frame   0x00000250       0x2c c:/program files (x86)/atmel/studio/7.0/toolchain/arm/arm-gnu-toolchain/bin/../lib/gcc/arm-none-eabi/6.3.1/../../../../arm-none-eabi/lib/thumb/v6-m\libc.a(lib_a-fini.o)
 .debug_frame   0x0000027c       0xb0 c:/program files (x86)/atmel/studio/7.0/toolchain/arm/arm-gnu-toolchain/bin/../lib/gcc/arm-none-eabi/6.3.1/../../../../arm-none-eabi/lib/thumb/v6-m\libc.a(lib_a-lock.o)
 .debug_frame   0x0000032c       0x3c c:/program files (x86)/atmel/studio/7.0/toolchain/arm/arm-gnu-toolchain/bin/../lib/gcc/arm-none-eabi/6.3.1/../../../../arm-none-eabi/lib/thumb/v6-m\libc.a(lib_a-__atexit.o)
